Archive member included to satisfy reference by file (symbol)

d:/sustech/sophomore/esms/others/stm32cubeide_1.10.1/stm32cubeide/plugins/com.st.stm32cube.ide.mcu.externaltools.gnu-tools-for-stm32.10.3-2021.10.win32_1.0.0.202111181127/tools/bin/../lib/gcc/arm-none-eabi/10.3.1/../../../../arm-none-eabi/lib/thumb/v7-m/nofp\libm.a(lib_a-w_sqrt.o)
                              ./Core/Src/touch.o (sqrt)
d:/sustech/sophomore/esms/others/stm32cubeide_1.10.1/stm32cubeide/plugins/com.st.stm32cube.ide.mcu.externaltools.gnu-tools-for-stm32.10.3-2021.10.win32_1.0.0.202111181127/tools/bin/../lib/gcc/arm-none-eabi/10.3.1/../../../../arm-none-eabi/lib/thumb/v7-m/nofp\libm.a(lib_a-e_sqrt.o)
                              d:/sustech/sophomore/esms/others/stm32cubeide_1.10.1/stm32cubeide/plugins/com.st.stm32cube.ide.mcu.externaltools.gnu-tools-for-stm32.10.3-2021.10.win32_1.0.0.202111181127/tools/bin/../lib/gcc/arm-none-eabi/10.3.1/../../../../arm-none-eabi/lib/thumb/v7-m/nofp\libm.a(lib_a-w_sqrt.o) (__ieee754_sqrt)
d:/sustech/sophomore/esms/others/stm32cubeide_1.10.1/stm32cubeide/plugins/com.st.stm32cube.ide.mcu.externaltools.gnu-tools-for-stm32.10.3-2021.10.win32_1.0.0.202111181127/tools/bin/../lib/gcc/arm-none-eabi/10.3.1/../../../../arm-none-eabi/lib/thumb/v7-m/nofp\libc_nano.a(lib_a-errno.o)
                              ./Core/Src/syscalls.o (__errno)
d:/sustech/sophomore/esms/others/stm32cubeide_1.10.1/stm32cubeide/plugins/com.st.stm32cube.ide.mcu.externaltools.gnu-tools-for-stm32.10.3-2021.10.win32_1.0.0.202111181127/tools/bin/../lib/gcc/arm-none-eabi/10.3.1/../../../../arm-none-eabi/lib/thumb/v7-m/nofp\libc_nano.a(lib_a-exit.o)
                              d:/sustech/sophomore/esms/others/stm32cubeide_1.10.1/stm32cubeide/plugins/com.st.stm32cube.ide.mcu.externaltools.gnu-tools-for-stm32.10.3-2021.10.win32_1.0.0.202111181127/tools/bin/../lib/gcc/arm-none-eabi/10.3.1/../../../../arm-none-eabi/lib/thumb/v7-m/nofp/crt0.o (exit)
d:/sustech/sophomore/esms/others/stm32cubeide_1.10.1/stm32cubeide/plugins/com.st.stm32cube.ide.mcu.externaltools.gnu-tools-for-stm32.10.3-2021.10.win32_1.0.0.202111181127/tools/bin/../lib/gcc/arm-none-eabi/10.3.1/../../../../arm-none-eabi/lib/thumb/v7-m/nofp\libc_nano.a(lib_a-impure.o)
                              d:/sustech/sophomore/esms/others/stm32cubeide_1.10.1/stm32cubeide/plugins/com.st.stm32cube.ide.mcu.externaltools.gnu-tools-for-stm32.10.3-2021.10.win32_1.0.0.202111181127/tools/bin/../lib/gcc/arm-none-eabi/10.3.1/../../../../arm-none-eabi/lib/thumb/v7-m/nofp\libc_nano.a(lib_a-exit.o) (_global_impure_ptr)
d:/sustech/sophomore/esms/others/stm32cubeide_1.10.1/stm32cubeide/plugins/com.st.stm32cube.ide.mcu.externaltools.gnu-tools-for-stm32.10.3-2021.10.win32_1.0.0.202111181127/tools/bin/../lib/gcc/arm-none-eabi/10.3.1/../../../../arm-none-eabi/lib/thumb/v7-m/nofp\libc_nano.a(lib_a-init.o)
                              d:/sustech/sophomore/esms/others/stm32cubeide_1.10.1/stm32cubeide/plugins/com.st.stm32cube.ide.mcu.externaltools.gnu-tools-for-stm32.10.3-2021.10.win32_1.0.0.202111181127/tools/bin/../lib/gcc/arm-none-eabi/10.3.1/../../../../arm-none-eabi/lib/thumb/v7-m/nofp/crt0.o (__libc_init_array)
d:/sustech/sophomore/esms/others/stm32cubeide_1.10.1/stm32cubeide/plugins/com.st.stm32cube.ide.mcu.externaltools.gnu-tools-for-stm32.10.3-2021.10.win32_1.0.0.202111181127/tools/bin/../lib/gcc/arm-none-eabi/10.3.1/../../../../arm-none-eabi/lib/thumb/v7-m/nofp\libc_nano.a(lib_a-memset.o)
                              d:/sustech/sophomore/esms/others/stm32cubeide_1.10.1/stm32cubeide/plugins/com.st.stm32cube.ide.mcu.externaltools.gnu-tools-for-stm32.10.3-2021.10.win32_1.0.0.202111181127/tools/bin/../lib/gcc/arm-none-eabi/10.3.1/../../../../arm-none-eabi/lib/thumb/v7-m/nofp/crt0.o (memset)
d:/sustech/sophomore/esms/others/stm32cubeide_1.10.1/stm32cubeide/plugins/com.st.stm32cube.ide.mcu.externaltools.gnu-tools-for-stm32.10.3-2021.10.win32_1.0.0.202111181127/tools/bin/../lib/gcc/arm-none-eabi/10.3.1/../../../../arm-none-eabi/lib/thumb/v7-m/nofp\libc_nano.a(lib_a-printf.o)
                              ./Core/Src/ft5206.o (printf)
d:/sustech/sophomore/esms/others/stm32cubeide_1.10.1/stm32cubeide/plugins/com.st.stm32cube.ide.mcu.externaltools.gnu-tools-for-stm32.10.3-2021.10.win32_1.0.0.202111181127/tools/bin/../lib/gcc/arm-none-eabi/10.3.1/../../../../arm-none-eabi/lib/thumb/v7-m/nofp\libc_nano.a(lib_a-rand.o)
                              ./Core/Src/pkm_character.o (rand)
d:/sustech/sophomore/esms/others/stm32cubeide_1.10.1/stm32cubeide/plugins/com.st.stm32cube.ide.mcu.externaltools.gnu-tools-for-stm32.10.3-2021.10.win32_1.0.0.202111181127/tools/bin/../lib/gcc/arm-none-eabi/10.3.1/../../../../arm-none-eabi/lib/thumb/v7-m/nofp\libc_nano.a(lib_a-sprintf.o)
                              ./Core/Src/main.o (sprintf)
[...]
Memory Configuration

Name             Origin             Length             Attributes
RAM              0x0000000020000000 0x000000000000c000 xrw
FLASH            0x0000000008000000 0x0000000000040000 xr
*default*        0x0000000000000000 0xffffffffffffffff

Linker script and memory map

LOAD d:/sustech/sophomore/esms/others/stm32cubeide_1.10.1/stm32cubeide/plugins/com.st.stm32cube.ide.mcu.externaltools.gnu-tools-for-stm32.10.3-2021.10.win32_1.0.0.202111181127/tools/bin/../lib/gcc/arm-none-eabi/10.3.1/thumb/v7-m/nofp/crti.o
LOAD d:/sustech/sophomore/esms/others/stm32cubeide_1.10.1/stm32cubeide/plugins/com.st.stm32cube.ide.mcu.externaltools.gnu-tools-for-stm32.10.3-2021.10.win32_1.0.0.202111181127/tools/bin/../lib/gcc/arm-none-eabi/10.3.1/thumb/v7-m/nofp/crtbegin.o
LOAD d:/sustech/sophomore/esms/others/stm32cubeide_1.10.1/stm32cubeide/plugins/com.st.stm32cube.ide.mcu.externaltools.gnu-tools-for-stm32.10.3-2021.10.win32_1.0.0.202111181127/tools/bin/../lib/gcc/arm-none-eabi/10.3.1/../../../../arm-none-eabi/lib/thumb/v7-m/nofp/crt0.o
LOAD ./Core/Src/24cxx.o
LOAD ./Core/Src/24l01.o
LOAD ./Core/Src/ctiic.o
LOAD ./Core/Src/delay.o
LOAD ./Core/Src/ft5206.o
LOAD ./Core/Src/gt9147.o
LOAD ./Core/Src/key.o
LOAD ./Core/Src/lcd.o
LOAD ./Core/Src/led.o
LOAD ./Core/Src/main.o
LOAD ./Core/Src/myiic.o
LOAD ./Core/Src/ott2001a.o
LOAD ./Core/Src/pkm_character.o
LOAD ./Core/Src/spi.o
LOAD ./Core/Src/stm32f1xx_hal_msp.o
LOAD ./Core/Src/stm32f1xx_it.o
LOAD ./Core/Src/sys.o
LOAD ./Core/Src/syscalls.o
LOAD ./Core/Src/sysmem.o
LOAD ./Core/Src/system_stm32f1xx.o
LOAD ./Core/Src/touch.o
LOAD ./Core/Startup/startup_stm32f103rctx.o
LOAD ./Drivers/STM32F1xx_HAL_Driver/Src/stm32f1xx_hal.o
LOAD ./Drivers/STM32F1xx_HAL_Driver/Src/stm32f1xx_hal_cortex.o
LOAD ./Drivers/STM32F1xx_HAL_Driver/Src/stm32f1xx_hal_dma.o
LOAD ./Drivers/STM32F1xx_HAL_Driver/Src/stm32f1xx_hal_exti.o
LOAD ./Drivers/STM32F1xx_HAL_Driver/Src/stm32f1xx_hal_flash.o
LOAD ./Drivers/STM32F1xx_HAL_Driver/Src/stm32f1xx_hal_flash_ex.o
LOAD ./Drivers/STM32F1xx_HAL_Driver/Src/stm32f1xx_hal_gpio.o
LOAD ./Drivers/STM32F1xx_HAL_Driver/Src/stm32f1xx_hal_gpio_ex.o
LOAD ./Drivers/STM32F1xx_HAL_Driver/Src/stm32f1xx_hal_pwr.o
LOAD ./Drivers/STM32F1xx_HAL_Driver/Src/stm32f1xx_hal_rcc.o
LOAD ./Drivers/STM32F1xx_HAL_Driver/Src/stm32f1xx_hal_rcc_ex.o
LOAD ./Drivers/STM32F1xx_HAL_Driver/Src/stm32f1xx_hal_spi.o
LOAD ./Drivers/STM32F1xx_HAL_Driver/Src/stm32f1xx_hal_tim.o
LOAD ./Drivers/STM32F1xx_HAL_Driver/Src/stm32f1xx_hal_tim_ex.o
LOAD ./Drivers/STM32F1xx_HAL_Driver/Src/stm32f1xx_hal_uart.o
START GROUP
LOAD d:/sustech/sophomore/esms/others/stm32cubeide_1.10.1/stm32cubeide/plugins/com.st.stm32cube.ide.mcu.externaltools.gnu-tools-for-stm32.10.3-2021.10.win32_1.0.0.202111181127/tools/bin/../lib/gcc/arm-none-eabi/10.3.1/../../../../arm-none-eabi/lib/thumb/v7-m/nofp\libstdc++_nano.a
LOAD d:/sustech/sophomore/esms/others/stm32cubeide_1.10.1/stm32cubeide/plugins/com.st.stm32cube.ide.mcu.externaltools.gnu-tools-for-stm32.10.3-2021.10.win32_1.0.0.202111181127/tools/bin/../lib/gcc/arm-none-eabi/10.3.1/../../../../arm-none-eabi/lib/thumb/v7-m/nofp\libsupc++_nano.a
END GROUP
LOAD d:/sustech/sophomore/esms/others/stm32cubeide_1.10.1/stm32cubeide/plugins/com.st.stm32cube.ide.mcu.externaltools.gnu-tools-for-stm32.10.3-2021.10.win32_1.0.0.202111181127/tools/bin/../lib/gcc/arm-none-eabi/10.3.1/../../../../arm-none-eabi/lib/thumb/v7-m/nofp\libstdc++_nano.a
LOAD d:/sustech/sophomore/esms/others/stm32cubeide_1.10.1/stm32cubeide/plugins/com.st.stm32cube.ide.mcu.externaltools.gnu-tools-for-stm32.10.3-2021.10.win32_1.0.0.202111181127/tools/bin/../lib/gcc/arm-none-eabi/10.3.1/../../../../arm-none-eabi/lib/thumb/v7-m/nofp\libm.a
LOAD d:/sustech/sophomore/esms/others/stm32cubeide_1.10.1/stm32cubeide/plugins/com.st.stm32cube.ide.mcu.externaltools.gnu-tools-for-stm32.10.3-2021.10.win32_1.0.0.202111181127/tools/bin/../lib/gcc/arm-none-eabi/10.3.1/../../../../arm-none-eabi/lib/thumb/v7-m/nofp\libc_nano.a
START GROUP
LOAD d:/sustech/sophomore/esms/others/stm32cubeide_1.10.1/stm32cubeide/plugins/com.st.stm32cube.ide.mcu.externaltools.gnu-tools-for-stm32.10.3-2021.10.win32_1.0.0.202111181127/tools/bin/../lib/gcc/arm-none-eabi/10.3.1/thumb/v7-m/nofp\libgcc.a
LOAD d:/sustech/sophomore/esms/others/stm32cubeide_1.10.1/stm32cubeide/plugins/com.st.stm32cube.ide.mcu.externaltools.gnu-tools-for-stm32.10.3-2021.10.win32_1.0.0.202111181127/tools/bin/../lib/gcc/arm-none-eabi/10.3.1/../../../../arm-none-eabi/lib/thumb/v7-m/nofp\libc_nano.a
END GROUP
START GROUP
LOAD d:/sustech/sophomore/esms/others/stm32cubeide_1.10.1/stm32cubeide/plugins/com.st.stm32cube.ide.mcu.externaltools.gnu-tools-for-stm32.10.3-2021.10.win32_1.0.0.202111181127/tools/bin/../lib/gcc/arm-none-eabi/10.3.1/thumb/v7-m/nofp\libgcc.a
LOAD d:/sustech/sophomore/esms/others/stm32cubeide_1.10.1/stm32cubeide/plugins/com.st.stm32cube.ide.mcu.externaltools.gnu-tools-for-stm32.10.3-2021.10.win32_1.0.0.202111181127/tools/bin/../lib/gcc/arm-none-eabi/10.3.1/../../../../arm-none-eabi/lib/thumb/v7-m/nofp\libc_nano.a
END GROUP
LOAD d:/sustech/sophomore/esms/others/stm32cubeide_1.10.1/stm32cubeide/plugins/com.st.stm32cube.ide.mcu.externaltools.gnu-tools-for-stm32.10.3-2021.10.win32_1.0.0.202111181127/tools/bin/../lib/gcc/arm-none-eabi/10.3.1/thumb/v7-m/nofp/crtend.o
LOAD d:/sustech/sophomore/esms/others/stm32cubeide_1.10.1/stm32cubeide/plugins/com.st.stm32cube.ide.mcu.externaltools.gnu-tools-for-stm32.10.3-2021.10.win32_1.0.0.202111181127/tools/bin/../lib/gcc/arm-none-eabi/10.3.1/thumb/v7-m/nofp/crtn.o
                0x000000002000c000                _estack = (ORIGIN (RAM) + LENGTH (RAM))
                0x0000000000000200                _Min_Heap_Size = 0x200
                0x0000000000000400                _Min_Stack_Size = 0x400

.isr_vector     0x0000000008000000      0x1e4
                0x0000000008000000                . = ALIGN (0x4)
 *(.isr_vector)
 .isr_vector    0x0000000008000000      0x1e4 ./Core/Startup/startup_stm32f103rctx.o
                0x0000000008000000                g_pfnVectors
                0x00000000080001e4                . = ALIGN (0x4)

.text           0x00000000080001e8     0xfa6c
                0x00000000080001e8                . = ALIGN (0x4)
 *(.text)
 .text          0x00000000080001e8       0x40 d:/sustech/sophomore/esms/others/stm32cubeide_1.10.1/stm32cubeide/plugins/com.st.stm32cube.ide.mcu.externaltools.gnu-tools-for-stm32.10.3-2021.10.win32_1.0.0.202111181127/tools/bin/../lib/gcc/arm-none-eabi/10.3.1/thumb/v7-m/nofp/crtbegin.o
 .text          0x0000000008000228       0x14 d:/sustech/sophomore/esms/others/stm32cubeide_1.10.1/stm32cubeide/plugins/com.st.stm32cube.ide.mcu.externaltools.gnu-tools-for-stm32.10.3-2021.10.win32_1.0.0.202111181127/tools/bin/../lib/gcc/arm-none-eabi/10.3.1/../../../../arm-none-eabi/lib/thumb/v7-m/nofp\libc_nano.a(lib_a-strcmp.o)
                0x0000000008000228                strcmp
 .text          0x000000000800023c       0x10 d:/sustech/sophomore/esms/others/stm32cubeide_1.10.1/stm32cubeide/plugins/com.st.stm32cube.ide.mcu.externaltools.gnu-tools-for-stm32.10.3-2021.10.win32_1.0.0.202111181127/tools/bin/../lib/gcc/arm-none-eabi/10.3.1/../../../../arm-none-eabi/lib/thumb/v7-m/nofp\libc_nano.a(lib_a-strlen.o)
                0x000000000800023c                strlen
 .text          0x000000000800024c      0x378 d:/sustech/sophomore/esms/others/stm32cubeide_1.10.1/stm32cubeide/plugins/com.st.stm32cube.ide.mcu.externaltools.gnu-tools-for-stm32.10.3-2021.10.win32_1.0.0.202111181127/tools/bin/../lib/gcc/arm-none-eabi/10.3.1/thumb/v7-m/nofp\libgcc.a(_arm_addsubdf3.o)
                0x000000000800024c                __aeabi_drsub
                0x0000000008000254                __aeabi_dsub
                0x0000000008000254                __subdf3
                0x0000000008000258                __aeabi_dadd
                0x0000000008000258                __adddf3
                0x00000000080004d0                __floatunsidf
                0x00000000080004d0                __aeabi_ui2d
                0x00000000080004f0                __floatsidf
                0x00000000080004f0                __aeabi_i2d
                0x0000000008000514                __aeabi_f2d
                0x0000000008000514                __extendsfdf2
                0x0000000008000558                __floatundidf
                0x0000000008000558                __aeabi_ul2d
                0x0000000008000568                __floatdidf
                0x0000000008000568                __aeabi_l2d
 .text          0x00000000080005c4      0x424 d:/sustech/sophomore/esms/others/stm32cubeide_1.10.1/stm32cubeide/plugins/com.st.stm32cube.ide.mcu.externaltools.gnu-tools-for-stm32.10.3-2021.10.win32_1.0.0.202111181127/tools/bin/../lib/gcc/arm-none-eabi/10.3.1/thumb/v7-m/nofp\libgcc.a(_arm_muldivdf3.o)
                0x00000000080005c4                __aeabi_dmul
                0x00000000080005c4                __muldf3
                0x0000000008000818                __divdf3
                0x0000000008000818                __aeabi_ddiv
 .text          0x00000000080009e8      0x110 d:/sustech/sophomore/esms/others/stm32cubeide_1.10.1/stm32cubeide/plugins/com.st.stm32cube.ide.mcu.externaltools.gnu-tools-for-stm32.10.3-2021.10.win32_1.0.0.202111181127/tools/bin/../lib/gcc/arm-none-eabi/10.3.1/thumb/v7-m/nofp\libgcc.a(_arm_cmpdf2.o)
                0x00000000080009e8                __gtdf2
                0x00000000080009e8                __gedf2
                0x00000000080009f0                __ltdf2
                0x00000000080009f0                __ledf2
                0x00000000080009f8                __nedf2
                0x00000000080009f8                __eqdf2
                0x00000000080009f8                __cmpdf2
                0x0000000008000a74                __aeabi_cdrcmple
                0x0000000008000a84                __aeabi_cdcmpeq
                0x0000000008000a84                __aeabi_cdcmple
                0x0000000008000a94                __aeabi_dcmpeq
                0x0000000008000aa8                __aeabi_dcmplt
                0x0000000008000abc                __aeabi_dcmple
                0x0000000008000ad0                __aeabi_dcmpge
                0x0000000008000ae4                __aeabi_dcmpgt
 .text          0x0000000008000af8       0x2c d:/sustech/sophomore/esms/others/stm32cubeide_1.10.1/stm32cubeide/plugins/com.st.stm32cube.ide.mcu.externaltools.gnu-tools-for-stm32.10.3-2021.10.win32_1.0.0.202111181127/tools/bin/../lib/gcc/arm-none-eabi/10.3.1/thumb/v7-m/nofp\libgcc.a(_arm_unorddf2.o)
                0x0000000008000af8                __unorddf2
                0x0000000008000af8                __aeabi_dcmpun
 .text          0x0000000008000b24       0x50 d:/sustech/sophomore/esms/others/stm32cubeide_1.10.1/stm32cubeide/plugins/com.st.stm32cube.ide.mcu.externaltools.gnu-tools-for-stm32.10.3-2021.10.win32_1.0.0.202111181127/tools/bin/../lib/gcc/arm-none-eabi/10.3.1/thumb/v7-m/nofp\libgcc.a(_arm_fixdfsi.o)
                0x0000000008000b24                __aeabi_d2iz
                0x0000000008000b24                __fixdfsi
 .text          0x0000000008000b74       0x40 d:/sustech/sophomore/esms/others/stm32cubeide_1.10.1/stm32cubeide/plugins/com.st.stm32cube.ide.mcu.externaltools.gnu-tools-for-stm32.10.3-2021.10.win32_1.0.0.202111181127/tools/bin/../lib/gcc/arm-none-eabi/10.3.1/thumb/v7-m/nofp\libgcc.a(_arm_fixunsdfsi.o)
                0x0000000008000b74                __aeabi_d2uiz
                0x0000000008000b74                __fixunsdfsi
 .text          0x0000000008000bb4      0x21c d:/sustech/sophomore/esms/others/stm32cubeide_1.10.1/stm32cubeide/plugins/com.st.stm32cube.ide.mcu.externaltools.gnu-tools-for-stm32.10.3-2021.10.win32_1.0.0.202111181127/tools/bin/../lib/gcc/arm-none-eabi/10.3.1/thumb/v7-m/nofp\libgcc.a(_arm_addsubsf3.o)
                0x0000000008000bb4                __aeabi_frsub
                0x0000000008000bbc                __subsf3
                0x0000000008000bbc                __aeabi_fsub
                0x0000000008000bc0                __aeabi_fadd
                0x0000000008000bc0                __addsf3
                0x0000000008000d20                __aeabi_ui2f
                0x0000000008000d20                __floatunsisf
                0x0000000008000d28                __aeabi_i2f
                0x0000000008000d28                __floatsisf
                0x0000000008000d44                __aeabi_ul2f
                0x0000000008000d44                __floatundisf
                0x0000000008000d54                __aeabi_l2f
                0x0000000008000d54                __floatdisf
 .text          0x0000000008000dd0      0x2a0 d:/sustech/sophomore/esms/others/stm32cubeide_1.10.1/stm32cubeide/plugins/com.st.stm32cube.ide.mcu.externaltools.gnu-tools-for-stm32.10.3-2021.10.win32_1.0.0.202111181127/tools/bin/../lib/gcc/arm-none-eabi/10.3.1/thumb/v7-m/nofp\libgcc.a(_arm_muldivsf3.o)
                0x0000000008000dd0                __mulsf3
                0x0000000008000dd0                __aeabi_fmul
                0x0000000008000f38                __aeabi_fdiv
                0x0000000008000f38                __divsf3
 .text          0x0000000008001070       0x4c d:/sustech/sophomore/esms/others/stm32cubeide_1.10.1/stm32cubeide/plugins/com.st.stm32cube.ide.mcu.externaltools.gnu-tools-for-stm32.10.3-2021.10.win32_1.0.0.202111181127/tools/bin/../lib/gcc/arm-none-eabi/10.3.1/thumb/v7-m/nofp\libgcc.a(_arm_fixsfsi.o)
                0x0000000008001070                __aeabi_f2iz
                0x0000000008001070                __fixsfsi
 .text          0x00000000080010bc       0x40 d:/sustech/sophomore/esms/others/stm32cubeide_1.10.1/stm32cubeide/plugins/com.st.stm32cube.ide.mcu.externaltools.gnu-tools-for-stm32.10.3-2021.10.win32_1.0.0.202111181127/tools/bin/../lib/gcc/arm-none-eabi/10.3.1/thumb/v7-m/nofp\libgcc.a(_arm_fixunssfsi.o)
                0x00000000080010bc                __fixunssfsi
                0x00000000080010bc                __aeabi_f2uiz
 *(.text*)
 .text.AT24CXX_Init
                0x00000000080010fc        0xc ./Core/Src/24cxx.o
                0x00000000080010fc                AT24CXX_Init
 .text.AT24CXX_ReadOneByte
                0x0000000008001108       0x60 ./Core/Src/24cxx.o
                0x0000000008001108                AT24CXX_ReadOneByte
 .text.AT24CXX_WriteOneByte
                0x0000000008001168       0x5a ./Core/Src/24cxx.o
                0x0000000008001168                AT24CXX_WriteOneByte
 .text.AT24CXX_Read
                0x00000000080011c2       0x3e ./Core/Src/24cxx.o
                0x00000000080011c2                AT24CXX_Read
 .text.AT24CXX_Write
                0x0000000008001200       0x40 ./Core/Src/24cxx.o
                0x0000000008001200                AT24CXX_Write
 .text.NRF24L01_SPI_Init
                0x0000000008001240       0x40 ./Core/Src/24l01.o
                0x0000000008001240                NRF24L01_SPI_Init
 .text.NRF24L01_Init
                0x0000000008001280       0xd0 ./Core/Src/24l01.o
                0x0000000008001280                NRF24L01_Init
 .text.NRF24L01_Check
                0x0000000008001350       0x70 ./Core/Src/24l01.o
                0x0000000008001350                NRF24L01_Check
 .text.NRF24L01_Write_Reg
                0x00000000080013c0       0x40 ./Core/Src/24l01.o
                0x00000000080013c0                NRF24L01_Write_Reg
 .text.NRF24L01_Read_Reg
                0x0000000008001400       0x38 ./Core/Src/24l01.o
                0x0000000008001400                NRF24L01_Read_Reg
 .text.NRF24L01_Read_Buf
                0x0000000008001438       0x5c ./Core/Src/24l01.o
                0x0000000008001438                NRF24L01_Read_Buf
 .text.NRF24L01_Write_Buf
                0x0000000008001494       0x58 ./Core/Src/24l01.o
                0x0000000008001494                NRF24L01_Write_Buf
 .text.NRF24L01_TxPacket
                0x00000000080014ec       0x78 ./Core/Src/24l01.o
                0x00000000080014ec                NRF24L01_TxPacket
 .text.NRF24L01_RxPacket
                0x0000000008001564       0x4c ./Core/Src/24l01.o
                0x0000000008001564                NRF24L01_RxPacket
 .text.NRF24L01_RX_Mode
                0x00000000080015b0       0x58 ./Core/Src/24l01.o
                0x00000000080015b0                NRF24L01_RX_Mode
 .text.NRF24L01_TX_Mode
                0x0000000008001608       0x64 ./Core/Src/24l01.o
                0x0000000008001608                NRF24L01_TX_Mode
 .text.CT_Delay
                0x000000000800166c        0xe ./Core/Src/ctiic.o
                0x000000000800166c                CT_Delay
 *fill*         0x000000000800167a        0x2 
 .text.CT_IIC_Init
                0x000000000800167c       0x60 ./Core/Src/ctiic.o
                0x000000000800167c                CT_IIC_Init
 .text.CT_IIC_Start
                0x00000000080016dc       0x50 ./Core/Src/ctiic.o
                0x00000000080016dc                CT_IIC_Start
 .text.CT_IIC_Stop
                0x000000000800172c       0x48 ./Core/Src/ctiic.o
                0x000000000800172c                CT_IIC_Stop
 .text.CT_IIC_Wait_Ack
                0x0000000008001774       0x74 ./Core/Src/ctiic.o
                0x0000000008001774                CT_IIC_Wait_Ack
 .text.CT_IIC_Ack
                0x00000000080017e8       0x50 ./Core/Src/ctiic.o
                0x00000000080017e8                CT_IIC_Ack
 .text.CT_IIC_NAck
                0x0000000008001838       0x50 ./Core/Src/ctiic.o
                0x0000000008001838                CT_IIC_NAck
 .text.CT_IIC_Send_Byte
                0x0000000008001888       0x78 ./Core/Src/ctiic.o
                0x0000000008001888                CT_IIC_Send_Byte
 .text.CT_IIC_Read_Byte
                0x0000000008001900       0x88 ./Core/Src/ctiic.o
                0x0000000008001900                CT_IIC_Read_Byte
 .text.delay_init
                0x0000000008001988       0x24 ./Core/Src/delay.o
                0x0000000008001988                delay_init
 .text.delay_us
                0x00000000080019ac       0x7c ./Core/Src/delay.o
                0x00000000080019ac                delay_us
 .text.delay_ms
                0x0000000008001a28       0x30 ./Core/Src/delay.o
                0x0000000008001a28                delay_ms
 .text.FT5206_WR_Reg
                0x0000000008001a58       0x72 ./Core/Src/ft5206.o
                0x0000000008001a58                FT5206_WR_Reg
 .text.FT5206_RD_Reg
                0x0000000008001aca       0x7c ./Core/Src/ft5206.o
                0x0000000008001aca                FT5206_RD_Reg
 *fill*         0x0000000008001b46        0x2 
 .text.FT5206_Init
                0x0000000008001b48       0xf4 ./Core/Src/ft5206.o
                0x0000000008001b48                FT5206_Init
 .text.FT5206_Scan
                0x0000000008001c3c      0x230 ./Core/Src/ft5206.o
                0x0000000008001c3c                FT5206_Scan
 .text.GT9147_Send_Cfg
                0x0000000008001e6c       0x68 ./Core/Src/gt9147.o
                0x0000000008001e6c                GT9147_Send_Cfg
 .text.GT9147_WR_Reg
                0x0000000008001ed4       0x84 ./Core/Src/gt9147.o
                0x0000000008001ed4                GT9147_WR_Reg
 .text.GT9147_RD_Reg
                0x0000000008001f58       0x8e ./Core/Src/gt9147.o
                0x0000000008001f58                GT9147_RD_Reg
 *fill*         0x0000000008001fe6        0x2 
 .text.GT9147_Init
                0x0000000008001fe8      0x138 ./Core/Src/gt9147.o
                0x0000000008001fe8                GT9147_Init
 .text.GT9147_Scan
                0x0000000008002120      0x274 ./Core/Src/gt9147.o
                0x0000000008002120                GT9147_Scan
 .text.KEY_Init
                0x0000000008002394       0x90 ./Core/Src/key.o
                0x0000000008002394                KEY_Init
 .text.KEY_Scan
                0x0000000008002424       0xdc ./Core/Src/key.o
                0x0000000008002424                KEY_Scan
 .text.LCD_WR_REG
                0x0000000008002500       0x48 ./Core/Src/lcd.o
                0x0000000008002500                LCD_WR_REG
 .text.LCD_WR_DATAX
                0x0000000008002548       0x48 ./Core/Src/lcd.o
                0x0000000008002548                LCD_WR_DATAX
 .text.opt_delay
                0x0000000008002590       0x22 ./Core/Src/lcd.o
                0x0000000008002590                opt_delay
 *fill*         0x00000000080025b2        0x2 
 .text.LCD_RD_DATA
                0x00000000080025b4       0x78 ./Core/Src/lcd.o
                0x00000000080025b4                LCD_RD_DATA
 .text.LCD_WriteReg
                0x000000000800262c       0x54 ./Core/Src/lcd.o
                0x000000000800262c                LCD_WriteReg
 .text.LCD_WriteRAM_Prepare
                0x0000000008002680       0x18 ./Core/Src/lcd.o
                0x0000000008002680                LCD_WriteRAM_Prepare
 .text.LCD_SetCursor
                0x0000000008002698      0x454 ./Core/Src/lcd.o
                0x0000000008002698                LCD_SetCursor
 .text.LCD_Scan_Dir
                0x0000000008002aec      0x52c ./Core/Src/lcd.o
                0x0000000008002aec                LCD_Scan_Dir
 .text.LCD_DrawPoint
                0x0000000008003018       0x60 ./Core/Src/lcd.o
                0x0000000008003018                LCD_DrawPoint
 .text.LCD_Fast_DrawPoint
                0x0000000008003078      0x3f4 ./Core/Src/lcd.o
                0x0000000008003078                LCD_Fast_DrawPoint
 *fill*         0x000000000800346c        0x4 
 .text.LCD_SSD_BackLightSet
                0x0000000008003470      0x148 ./Core/Src/lcd.o
                0x0000000008003470                LCD_SSD_BackLightSet
 .text.LCD_Display_Dir
                0x00000000080035b8      0x170 ./Core/Src/lcd.o
                0x00000000080035b8                LCD_Display_Dir
 .text.LCD_Init
                0x0000000008003728     0x2c24 ./Core/Src/lcd.o
                0x0000000008003728                LCD_Init
 .text.LCD_Clear
                0x000000000800634c       0x84 ./Core/Src/lcd.o
                0x000000000800634c                LCD_Clear
 .text.LCD_Fill
                0x00000000080063d0       0xa4 ./Core/Src/lcd.o
                0x00000000080063d0                LCD_Fill
 .text.LCD_DrawLine
                0x0000000008006474      0x108 ./Core/Src/lcd.o
                0x0000000008006474                LCD_DrawLine
 .text.LCD_Draw_Circle
                0x000000000800657c      0x13a ./Core/Src/lcd.o
                0x000000000800657c                LCD_Draw_Circle
 *fill*         0x00000000080066b6        0x2 
 .text.LCD_ShowChar
                0x00000000080066b8      0x15c ./Core/Src/lcd.o
                0x00000000080066b8                LCD_ShowChar
 .text.LCD_Pow  0x0000000008006814       0x36 ./Core/Src/lcd.o
                0x0000000008006814                LCD_Pow
 *fill*         0x000000000800684a        0x2 
 .text.LCD_ShowNum
                0x000000000800684c       0xe4 ./Core/Src/lcd.o
                0x000000000800684c                LCD_ShowNum
 .text.LCD_ShowString
                0x0000000008006930       0x9a ./Core/Src/lcd.o
                0x0000000008006930                LCD_ShowString
 *fill*         0x00000000080069ca        0x2 
 .text.LCD_ShowImage1_1
                0x00000000080069cc      0x144 ./Core/Src/lcd.o
                0x00000000080069cc                LCD_ShowImage1_1
 .text.LCD_ShowImage1_2
                0x0000000008006b10      0x144 ./Core/Src/lcd.o
                0x0000000008006b10                LCD_ShowImage1_2
 .text.LCD_ShowImage1_3
                0x0000000008006c54      0x144 ./Core/Src/lcd.o
                0x0000000008006c54                LCD_ShowImage1_3
 .text.LCD_ShowImage0
                0x0000000008006d98       0xb4 ./Core/Src/lcd.o
                0x0000000008006d98                LCD_ShowImage0
 .text.LCD_ShowImage3
                0x0000000008006e4c      0x120 ./Core/Src/lcd.o
                0x0000000008006e4c                LCD_ShowImage3
 .text.LED_Init
                0x0000000008006f6c       0x90 ./Core/Src/led.o
                0x0000000008006f6c                LED_Init
 .text.send     0x0000000008006ffc       0x3c ./Core/Src/main.o
                0x0000000008006ffc                send
 .text.multiplayer_mode
                0x0000000008007038      0x79c ./Core/Src/main.o
                0x0000000008007038                multiplayer_mode
 .text.remote_tatakai
                0x00000000080077d4      0x820 ./Core/Src/main.o
                0x00000000080077d4                remote_tatakai
 .text.main     0x0000000008007ff4       0xbc ./Core/Src/main.o
                0x0000000008007ff4                main
 .text.SystemClock_Config
                0x00000000080080b0       0x8a ./Core/Src/main.o
                0x00000000080080b0                SystemClock_Config
 *fill*         0x000000000800813a        0x2 
 .text.MX_SPI1_Init
                0x000000000800813c       0x6c ./Core/Src/main.o
 .text.MX_TIM2_Init
                0x00000000080081a8       0x9c ./Core/Src/main.o
 .text.MX_USART1_UART_Init
                0x0000000008008244       0x54 ./Core/Src/main.o
 .text.MX_GPIO_Init
                0x0000000008008298       0x44 ./Core/Src/main.o
 .text.Error_Handler
                0x00000000080082dc        0xa ./Core/Src/main.o
                0x00000000080082dc                Error_Handler
 *fill*         0x00000000080082e6        0x2 
 .text.IIC_Init
                0x00000000080082e8       0x60 ./Core/Src/myiic.o
                0x00000000080082e8                IIC_Init
 .text.IIC_Start
                0x0000000008008348       0x50 ./Core/Src/myiic.o
                0x0000000008008348                IIC_Start
 .text.IIC_Stop
                0x0000000008008398       0x50 ./Core/Src/myiic.o
                0x0000000008008398                IIC_Stop
 .text.IIC_Wait_Ack
                0x00000000080083e8       0x78 ./Core/Src/myiic.o
                0x00000000080083e8                IIC_Wait_Ack
 .text.IIC_Ack  0x0000000008008460       0x50 ./Core/Src/myiic.o
                0x0000000008008460                IIC_Ack
 .text.IIC_NAck
                0x00000000080084b0       0x50 ./Core/Src/myiic.o
                0x00000000080084b0                IIC_NAck
 .text.IIC_Send_Byte
                0x0000000008008500       0x80 ./Core/Src/myiic.o
                0x0000000008008500                IIC_Send_Byte
 .text.IIC_Read_Byte
                0x0000000008008580       0x8c ./Core/Src/myiic.o
                0x0000000008008580                IIC_Read_Byte
 .text.OTT2001A_WR_Reg
                0x000000000800860c       0x84 ./Core/Src/ott2001a.o
                0x000000000800860c                OTT2001A_WR_Reg
 .text.OTT2001A_RD_Reg
                0x0000000008008690       0x8e ./Core/Src/ott2001a.o
                0x0000000008008690                OTT2001A_RD_Reg
 .text.OTT2001A_SensorControl
                0x000000000800871e       0x30 ./Core/Src/ott2001a.o
                0x000000000800871e                OTT2001A_SensorControl
 *fill*         0x000000000800874e        0x2 
 .text.OTT2001A_Init
                0x0000000008008750       0xb0 ./Core/Src/ott2001a.o
                0x0000000008008750                OTT2001A_Init
 .text.OTT2001A_Scan
                0x0000000008008800      0x254 ./Core/Src/ott2001a.o
                0x0000000008008800                OTT2001A_Scan
 *fill*         0x0000000008008a54        0x4 
 .text.initialize_character
                0x0000000008008a58      0x4a8 ./Core/Src/pkm_character.o
                0x0000000008008a58                initialize_character
 .text.get_ATK  0x0000000008008f00       0x5c ./Core/Src/pkm_character.o
                0x0000000008008f00                get_ATK
 .text.get_DEF  0x0000000008008f5c       0x5c ./Core/Src/pkm_character.o
                0x0000000008008f5c                get_DEF
 .text.get_HP   0x0000000008008fb8       0x5c ./Core/Src/pkm_character.o
                0x0000000008008fb8                get_HP
 .text.get_total_HP
                0x0000000008009014       0x5c ./Core/Src/pkm_character.o
                0x0000000008009014                get_total_HP
 .text.get_level
                0x0000000008009070       0x5c ./Core/Src/pkm_character.o
                0x0000000008009070                get_level
 .text.get_name
                0x00000000080090cc       0xb4 ./Core/Src/pkm_character.o
                0x00000000080090cc                get_name
 .text.normal_attack_skill
                0x0000000008009180      0x110 ./Core/Src/pkm_character.o
                0x0000000008009180                normal_attack_skill
 .text.normal_attack_skill_rivel
                0x0000000008009290      0x108 ./Core/Src/pkm_character.o
                0x0000000008009290                normal_attack_skill_rivel
 .text.grow_attack_skill
                0x0000000008009398      0x164 ./Core/Src/pkm_character.o
                0x0000000008009398                grow_attack_skill
 .text.grow_attack_skill_rivel
                0x00000000080094fc      0x158 ./Core/Src/pkm_character.o
                0x00000000080094fc                grow_attack_skill_rivel
 *fill*         0x0000000008009654        0x4 
 .text.unique_skill
                0x0000000008009658      0x30c ./Core/Src/pkm_character.o
                0x0000000008009658                unique_skill
 *fill*         0x0000000008009964        0x4 
 .text.unique_skill_rivel
                0x0000000008009968      0x2fc ./Core/Src/pkm_character.o
                0x0000000008009968                unique_skill_rivel
 .text.defend_skill
                0x0000000008009c64       0x58 ./Core/Src/pkm_character.o
                0x0000000008009c64                defend_skill
 .text.passive_defend_part
                0x0000000008009cbc      0x210 ./Core/Src/pkm_character.o
                0x0000000008009cbc                passive_defend_part
 .text.active_defend_part
                0x0000000008009ecc      0x120 ./Core/Src/pkm_character.o
                0x0000000008009ecc                active_defend_part
 .text.defend_clpt_rivel
                0x0000000008009fec       0x32 ./Core/Src/pkm_character.o
                0x0000000008009fec                defend_clpt_rivel
 *fill*         0x000000000800a01e        0x2 
 .text.respond_clpt
                0x000000000800a020      0x130 ./Core/Src/pkm_character.o
                0x000000000800a020                respond_clpt
 .text.is_alive
                0x000000000800a150      0x140 ./Core/Src/pkm_character.o
                0x000000000800a150                is_alive
 .text.prepare  0x000000000800a290       0x38 ./Core/Src/pkm_character.o
                0x000000000800a290                prepare
 .text.upgrade  0x000000000800a2c8       0x8c ./Core/Src/pkm_character.o
                0x000000000800a2c8                upgrade
 .text.weapon   0x000000000800a354       0x58 ./Core/Src/pkm_character.o
                0x000000000800a354                weapon
 .text.shield   0x000000000800a3ac       0x58 ./Core/Src/pkm_character.o
                0x000000000800a3ac                shield
 .text.aid_bag  0x000000000800a404       0x78 ./Core/Src/pkm_character.o
                0x000000000800a404                aid_bag
 .text.easter_egg
                0x000000000800a47c       0x58 ./Core/Src/pkm_character.o
                0x000000000800a47c                easter_egg
 .text.SPI1_Init
                0x000000000800a4d4       0x78 ./Core/Src/spi.o
                0x000000000800a4d4                SPI1_Init
 .text.SPI1_SetSpeed
                0x000000000800a54c       0x5c ./Core/Src/spi.o
                0x000000000800a54c                SPI1_SetSpeed
 .text.SPI1_ReadWriteByte
                0x000000000800a5a8       0x2c ./Core/Src/spi.o
                0x000000000800a5a8                SPI1_ReadWriteByte
 .text.HAL_MspInit
                0x000000000800a5d4       0x64 ./Core/Src/stm32f1xx_hal_msp.o
                0x000000000800a5d4                HAL_MspInit
 .text.HAL_SPI_MspInit
                0x000000000800a638       0x94 ./Core/Src/stm32f1xx_hal_msp.o
                0x000000000800a638                HAL_SPI_MspInit
 .text.HAL_TIM_Base_MspInit
                0x000000000800a6cc       0x48 ./Core/Src/stm32f1xx_hal_msp.o
                0x000000000800a6cc                HAL_TIM_Base_MspInit
 .text.HAL_UART_MspInit
                0x000000000800a714       0xa8 ./Core/Src/stm32f1xx_hal_msp.o
                0x000000000800a714                HAL_UART_MspInit
 .text.NMI_Handler
                0x000000000800a7bc        0x6 ./Core/Src/stm32f1xx_it.o
                0x000000000800a7bc                NMI_Handler
 .text.HardFault_Handler
                0x000000000800a7c2        0x6 ./Core/Src/stm32f1xx_it.o
                0x000000000800a7c2                HardFault_Handler
 .text.MemManage_Handler
                0x000000000800a7c8        0x6 ./Core/Src/stm32f1xx_it.o
                0x000000000800a7c8                MemManage_Handler
 .text.BusFault_Handler
                0x000000000800a7ce        0x6 ./Core/Src/stm32f1xx_it.o
                0x000000000800a7ce                BusFault_Handler
 .text.UsageFault_Handler
                0x000000000800a7d4        0x6 ./Core/Src/stm32f1xx_it.o
                0x000000000800a7d4                UsageFault_Handler
 .text.SVC_Handler
                0x000000000800a7da        0xc ./Core/Src/stm32f1xx_it.o
                0x000000000800a7da                SVC_Handler
 .text.DebugMon_Handler
                0x000000000800a7e6        0xc ./Core/Src/stm32f1xx_it.o
                0x000000000800a7e6                DebugMon_Handler
 .text.PendSV_Handler
                0x000000000800a7f2        0xc ./Core/Src/stm32f1xx_it.o
                0x000000000800a7f2                PendSV_Handler
 .text.SysTick_Handler
                0x000000000800a7fe        0xc ./Core/Src/stm32f1xx_it.o
                0x000000000800a7fe                SysTick_Handler
 *fill*         0x000000000800a80a        0x2 
 .text.TIM2_IRQHandler
                0x000000000800a80c       0x14 ./Core/Src/stm32f1xx_it.o
                0x000000000800a80c                TIM2_IRQHandler
 .text.USART1_IRQHandler
                0x000000000800a820       0x20 ./Core/Src/stm32f1xx_it.o
                0x000000000800a820                USART1_IRQHandler
 .text.HAL_TIM_PeriodElapsedCallback
                0x000000000800a840       0x12 ./Core/Src/stm32f1xx_it.o
                0x000000000800a840                HAL_TIM_PeriodElapsedCallback
 *fill*         0x000000000800a852        0x2 
 .text.HAL_UART_RxCpltCallback
                0x000000000800a854       0x5c ./Core/Src/stm32f1xx_it.o
                0x000000000800a854                HAL_UART_RxCpltCallback
 .text.Stm32_Clock_Init
                0x000000000800a8b0       0x7e ./Core/Src/sys.o
                0x000000000800a8b0                Stm32_Clock_Init
 .text._getpid  0x000000000800a92e        0xe ./Core/Src/syscalls.o
                0x000000000800a92e                _getpid
 .text._kill    0x000000000800a93c       0x20 ./Core/Src/syscalls.o
                0x000000000800a93c                _kill
 .text._exit    0x000000000800a95c       0x14 ./Core/Src/syscalls.o
                0x000000000800a95c                _exit
 .text._read    0x000000000800a970       0x3a ./Core/Src/syscalls.o
                0x000000000800a970                _read
 .text._write   0x000000000800a9aa       0x38 ./Core/Src/syscalls.o
                0x000000000800a9aa                _write
 .text._close   0x000000000800a9e2       0x16 ./Core/Src/syscalls.o
                0x000000000800a9e2                _close
 .text._fstat   0x000000000800a9f8       0x1e ./Core/Src/syscalls.o
                0x000000000800a9f8                _fstat
 .text._isatty  0x000000000800aa16       0x14 ./Core/Src/syscalls.o
                0x000000000800aa16                _isatty
 .text._lseek   0x000000000800aa2a       0x18 ./Core/Src/syscalls.o
                0x000000000800aa2a                _lseek
 *fill*         0x000000000800aa42        0x2 
 .text._sbrk    0x000000000800aa44       0x6c ./Core/Src/sysmem.o
                0x000000000800aa44                _sbrk
 .text.SystemInit
                0x000000000800aab0        0xc ./Core/Src/system_stm32f1xx.o
                0x000000000800aab0                SystemInit
 .text.TP_Write_Byte
                0x000000000800aabc       0x60 ./Core/Src/touch.o
                0x000000000800aabc                TP_Write_Byte
 .text.TP_Read_AD
                0x000000000800ab1c       0xb0 ./Core/Src/touch.o
                0x000000000800ab1c                TP_Read_AD
 .text.TP_Read_XOY
                0x000000000800abcc       0xf4 ./Core/Src/touch.o
                0x000000000800abcc                TP_Read_XOY
 .text.TP_Read_XY
                0x000000000800acc0       0x44 ./Core/Src/touch.o
                0x000000000800acc0                TP_Read_XY
 .text.TP_Read_XY2
                0x000000000800ad04       0xc4 ./Core/Src/touch.o
                0x000000000800ad04                TP_Read_XY2
 .text.TP_Drow_Touch_Point
                0x000000000800adc8       0xa8 ./Core/Src/touch.o
                0x000000000800adc8                TP_Drow_Touch_Point
 .text.TP_Scan  0x000000000800ae70      0x13c ./Core/Src/touch.o
                0x000000000800ae70                TP_Scan
 .text.TP_Save_Adjdata
                0x000000000800afac       0x20 ./Core/Src/touch.o
                0x000000000800afac                TP_Save_Adjdata
 .text.TP_Get_Adjdata
                0x000000000800afcc       0x64 ./Core/Src/touch.o
                0x000000000800afcc                TP_Get_Adjdata
 .text.TP_Adj_Info_Show
                0x000000000800b030      0x1c4 ./Core/Src/touch.o
                0x000000000800b030                TP_Adj_Info_Show
 *fill*         0x000000000800b1f4        0x4 
 .text.TP_Adjust
                0x000000000800b1f8      0x878 ./Core/Src/touch.o
                0x000000000800b1f8                TP_Adjust
 .text.TP_Init  0x000000000800ba70      0x154 ./Core/Src/touch.o
                0x000000000800ba70                TP_Init
 .text.Reset_Handler
                0x000000000800bbc4       0x48 ./Core/Startup/startup_stm32f103rctx.o
                0x000000000800bbc4                Reset_Handler
 .text.Default_Handler
                0x000000000800bc0c        0x2 ./Core/Startup/startup_stm32f103rctx.o
                0x000000000800bc0c                RTC_Alarm_IRQHandler
                0x000000000800bc0c                EXTI2_IRQHandler
                0x000000000800bc0c                TIM8_TRG_COM_IRQHandler
                0x000000000800bc0c                TIM8_CC_IRQHandler
                0x000000000800bc0c                TIM1_CC_IRQHandler
                0x000000000800bc0c                TIM6_IRQHandler
                0x000000000800bc0c                PVD_IRQHandler
                0x000000000800bc0c                SDIO_IRQHandler
                0x000000000800bc0c                EXTI3_IRQHandler
                0x000000000800bc0c                EXTI0_IRQHandler
                0x000000000800bc0c                I2C2_EV_IRQHandler
                0x000000000800bc0c                ADC1_2_IRQHandler
                0x000000000800bc0c                SPI1_IRQHandler
                0x000000000800bc0c                TAMPER_IRQHandler
                0x000000000800bc0c                TIM8_UP_IRQHandler
                0x000000000800bc0c                DMA2_Channel2_IRQHandler
                0x000000000800bc0c                DMA1_Channel4_IRQHandler
                0x000000000800bc0c                USART3_IRQHandler
                0x000000000800bc0c                RTC_IRQHandler
                0x000000000800bc0c                DMA1_Channel7_IRQHandler
                0x000000000800bc0c                CAN1_RX1_IRQHandler
                0x000000000800bc0c                UART5_IRQHandler
                0x000000000800bc0c                ADC3_IRQHandler
                0x000000000800bc0c                TIM4_IRQHandler
                0x000000000800bc0c                DMA2_Channel1_IRQHandler
                0x000000000800bc0c                I2C1_EV_IRQHandler
                0x000000000800bc0c                DMA1_Channel6_IRQHandler
                0x000000000800bc0c                UART4_IRQHandler
                0x000000000800bc0c                TIM3_IRQHandler
                0x000000000800bc0c                RCC_IRQHandler
                0x000000000800bc0c                TIM1_TRG_COM_IRQHandler
                0x000000000800bc0c                DMA1_Channel1_IRQHandler
                0x000000000800bc0c                Default_Handler
                0x000000000800bc0c                EXTI15_10_IRQHandler
                0x000000000800bc0c                TIM7_IRQHandler
                0x000000000800bc0c                TIM5_IRQHandler
                0x000000000800bc0c                EXTI9_5_IRQHandler
                0x000000000800bc0c                SPI2_IRQHandler
                0x000000000800bc0c                DMA1_Channel5_IRQHandler
                0x000000000800bc0c                EXTI4_IRQHandler
                0x000000000800bc0c                USB_LP_CAN1_RX0_IRQHandler
                0x000000000800bc0c                USB_HP_CAN1_TX_IRQHandler
                0x000000000800bc0c                DMA1_Channel3_IRQHandler
                0x000000000800bc0c                FSMC_IRQHandler
                0x000000000800bc0c                TIM1_UP_IRQHandler
                0x000000000800bc0c                WWDG_IRQHandler
                0x000000000800bc0c                TIM1_BRK_IRQHandler
                0x000000000800bc0c                EXTI1_IRQHandler
                0x000000000800bc0c                DMA2_Channel4_5_IRQHandler
                0x000000000800bc0c                USART2_IRQHandler
                0x000000000800bc0c                I2C2_ER_IRQHandler
                0x000000000800bc0c                DMA1_Channel2_IRQHandler
                0x000000000800bc0c                TIM8_BRK_IRQHandler
                0x000000000800bc0c                CAN1_SCE_IRQHandler
                0x000000000800bc0c                FLASH_IRQHandler
                0x000000000800bc0c                SPI3_IRQHandler
                0x000000000800bc0c                I2C1_ER_IRQHandler
                0x000000000800bc0c                USBWakeUp_IRQHandler
                0x000000000800bc0c                DMA2_Channel3_IRQHandler
 *fill*         0x000000000800bc0e        0x2 
 .text.HAL_Init
                0x000000000800bc10       0x2c ./Drivers/STM32F1xx_HAL_Driver/Src/stm32f1xx_hal.o
                0x000000000800bc10                HAL_Init
 .text.HAL_InitTick
                0x000000000800bc3c       0x60 ./Drivers/STM32F1xx_HAL_Driver/Src/stm32f1xx_hal.o
                0x000000000800bc3c                HAL_InitTick
 .text.HAL_IncTick
                0x000000000800bc9c       0x24 ./Drivers/STM32F1xx_HAL_Driver/Src/stm32f1xx_hal.o
                0x000000000800bc9c                HAL_IncTick
 .text.HAL_GetTick
                0x000000000800bcc0       0x14 ./Drivers/STM32F1xx_HAL_Driver/Src/stm32f1xx_hal.o
                0x000000000800bcc0                HAL_GetTick
 .text.__NVIC_SetPriorityGrouping
                0x000000000800bcd4       0x48 ./Drivers/STM32F1xx_HAL_Driver/Src/stm32f1xx_hal_cortex.o
 .text.__NVIC_GetPriorityGrouping
                0x000000000800bd1c       0x1c ./Drivers/STM32F1xx_HAL_Driver/Src/stm32f1xx_hal_cortex.o
 .text.__NVIC_EnableIRQ
                0x000000000800bd38       0x38 ./Drivers/STM32F1xx_HAL_Driver/Src/stm32f1xx_hal_cortex.o
 .text.__NVIC_SetPriority
                0x000000000800bd70       0x54 ./Drivers/STM32F1xx_HAL_Driver/Src/stm32f1xx_hal_cortex.o
 .text.NVIC_EncodePriority
                0x000000000800bdc4       0x64 ./Drivers/STM32F1xx_HAL_Driver/Src/stm32f1xx_hal_cortex.o
 .text.SysTick_Config
                0x000000000800be28       0x44 ./Drivers/STM32F1xx_HAL_Driver/Src/stm32f1xx_hal_cortex.o
 .text.HAL_NVIC_SetPriorityGrouping
                0x000000000800be6c       0x16 ./Drivers/STM32F1xx_HAL_Driver/Src/stm32f1xx_hal_cortex.o
                0x000000000800be6c                HAL_NVIC_SetPriorityGrouping
 .text.HAL_NVIC_SetPriority
                0x000000000800be82       0x38 ./Drivers/STM32F1xx_HAL_Driver/Src/stm32f1xx_hal_cortex.o
                0x000000000800be82                HAL_NVIC_SetPriority
 .text.HAL_NVIC_EnableIRQ
                0x000000000800beba       0x1c ./Drivers/STM32F1xx_HAL_Driver/Src/stm32f1xx_hal_cortex.o
                0x000000000800beba                HAL_NVIC_EnableIRQ
 .text.HAL_SYSTICK_Config
                0x000000000800bed6       0x18 ./Drivers/STM32F1xx_HAL_Driver/Src/stm32f1xx_hal_cortex.o
                0x000000000800bed6                HAL_SYSTICK_Config
 *fill*         0x000000000800beee        0x2 
 .text.HAL_SYSTICK_CLKSourceConfig
                0x000000000800bef0       0x38 ./Drivers/STM32F1xx_HAL_Driver/Src/stm32f1xx_hal_cortex.o
                0x000000000800bef0                HAL_SYSTICK_CLKSourceConfig
 .text.HAL_DMA_Abort
                0x000000000800bf28       0x74 ./Drivers/STM32F1xx_HAL_Driver/Src/stm32f1xx_hal_dma.o
                0x000000000800bf28                HAL_DMA_Abort
 .text.HAL_DMA_Abort_IT
                0x000000000800bf9c      0x210 ./Drivers/STM32F1xx_HAL_Driver/Src/stm32f1xx_hal_dma.o
                0x000000000800bf9c                HAL_DMA_Abort_IT
 .text.HAL_GPIO_Init
                0x000000000800c1ac      0x328 ./Drivers/STM32F1xx_HAL_Driver/Src/stm32f1xx_hal_gpio.o
                0x000000000800c1ac                HAL_GPIO_Init
 .text.HAL_GPIO_ReadPin
                0x000000000800c4d4       0x2e ./Drivers/STM32F1xx_HAL_Driver/Src/stm32f1xx_hal_gpio.o
                0x000000000800c4d4                HAL_GPIO_ReadPin
 .text.HAL_GPIO_WritePin
                0x000000000800c502       0x30 ./Drivers/STM32F1xx_HAL_Driver/Src/stm32f1xx_hal_gpio.o
                0x000000000800c502                HAL_GPIO_WritePin
 *fill*         0x000000000800c532        0x2 
 .text.HAL_RCC_OscConfig
                0x000000000800c534      0x504 ./Drivers/STM32F1xx_HAL_Driver/Src/stm32f1xx_hal_rcc.o
                0x000000000800c534                HAL_RCC_OscConfig
 .text.HAL_RCC_ClockConfig
                0x000000000800ca38      0x1d4 ./Drivers/STM32F1xx_HAL_Driver/Src/stm32f1xx_hal_rcc.o
                0x000000000800ca38                HAL_RCC_ClockConfig
 .text.HAL_RCC_GetSysClockFreq
                0x000000000800cc0c       0xbc ./Drivers/STM32F1xx_HAL_Driver/Src/stm32f1xx_hal_rcc.o
                0x000000000800cc0c                HAL_RCC_GetSysClockFreq
 .text.HAL_RCC_GetHCLKFreq
                0x000000000800ccc8       0x14 ./Drivers/STM32F1xx_HAL_Driver/Src/stm32f1xx_hal_rcc.o
                0x000000000800ccc8                HAL_RCC_GetHCLKFreq
 .text.HAL_RCC_GetPCLK1Freq
                0x000000000800ccdc       0x28 ./Drivers/STM32F1xx_HAL_Driver/Src/stm32f1xx_hal_rcc.o
                0x000000000800ccdc                HAL_RCC_GetPCLK1Freq
 .text.HAL_RCC_GetPCLK2Freq
                0x000000000800cd04       0x28 ./Drivers/STM32F1xx_HAL_Driver/Src/stm32f1xx_hal_rcc.o
                0x000000000800cd04                HAL_RCC_GetPCLK2Freq
 .text.RCC_Delay
                0x000000000800cd2c       0x3c ./Drivers/STM32F1xx_HAL_Driver/Src/stm32f1xx_hal_rcc.o
 .text.HAL_SPI_Init
                0x000000000800cd68      0x108 ./Drivers/STM32F1xx_HAL_Driver/Src/stm32f1xx_hal_spi.o
                0x000000000800cd68                HAL_SPI_Init
 .text.HAL_SPI_TransmitReceive
                0x000000000800ce70      0x344 ./Drivers/STM32F1xx_HAL_Driver/Src/stm32f1xx_hal_spi.o
                0x000000000800ce70                HAL_SPI_TransmitReceive
 .text.SPI_WaitFlagStateUntilTimeout
                0x000000000800d1b4      0x110 ./Drivers/STM32F1xx_HAL_Driver/Src/stm32f1xx_hal_spi.o
 .text.SPI_EndRxTxTransaction
                0x000000000800d2c4       0x3c ./Drivers/STM32F1xx_HAL_Driver/Src/stm32f1xx_hal_spi.o
 .text.HAL_TIM_Base_Init
                0x000000000800d300       0x9e ./Drivers/STM32F1xx_HAL_Driver/Src/stm32f1xx_hal_tim.o
                0x000000000800d300                HAL_TIM_Base_Init
 *fill*         0x000000000800d39e        0x2 
 .text.HAL_TIM_Base_Start_IT
                0x000000000800d3a0       0xc0 ./Drivers/STM32F1xx_HAL_Driver/Src/stm32f1xx_hal_tim.o
                0x000000000800d3a0                HAL_TIM_Base_Start_IT
 .text.HAL_TIM_IRQHandler
                0x000000000800d460      0x210 ./Drivers/STM32F1xx_HAL_Driver/Src/stm32f1xx_hal_tim.o
                0x000000000800d460                HAL_TIM_IRQHandler
 .text.HAL_TIM_ConfigClockSource
                0x000000000800d670      0x188 ./Drivers/STM32F1xx_HAL_Driver/Src/stm32f1xx_hal_tim.o
                0x000000000800d670                HAL_TIM_ConfigClockSource
 .text.HAL_TIM_OC_DelayElapsedCallback
                0x000000000800d7f8       0x12 ./Drivers/STM32F1xx_HAL_Driver/Src/stm32f1xx_hal_tim.o
                0x000000000800d7f8                HAL_TIM_OC_DelayElapsedCallback
 .text.HAL_TIM_IC_CaptureCallback
                0x000000000800d80a       0x12 ./Drivers/STM32F1xx_HAL_Driver/Src/stm32f1xx_hal_tim.o
                0x000000000800d80a                HAL_TIM_IC_CaptureCallback
 .text.HAL_TIM_PWM_PulseFinishedCallback
                0x000000000800d81c       0x12 ./Drivers/STM32F1xx_HAL_Driver/Src/stm32f1xx_hal_tim.o
                0x000000000800d81c                HAL_TIM_PWM_PulseFinishedCallback
 .text.HAL_TIM_TriggerCallback
                0x000000000800d82e       0x12 ./Drivers/STM32F1xx_HAL_Driver/Src/stm32f1xx_hal_tim.o
                0x000000000800d82e                HAL_TIM_TriggerCallback
 .text.TIM_Base_SetConfig
                0x000000000800d840       0xf4 ./Drivers/STM32F1xx_HAL_Driver/Src/stm32f1xx_hal_tim.o
                0x000000000800d840                TIM_Base_SetConfig
 .text.TIM_TI1_ConfigInputStage
                0x000000000800d934       0x5c ./Drivers/STM32F1xx_HAL_Driver/Src/stm32f1xx_hal_tim.o
 .text.TIM_TI2_ConfigInputStage
                0x000000000800d990       0x5e ./Drivers/STM32F1xx_HAL_Driver/Src/stm32f1xx_hal_tim.o
 .text.TIM_ITRx_SetConfig
                0x000000000800d9ee       0x34 ./Drivers/STM32F1xx_HAL_Driver/Src/stm32f1xx_hal_tim.o
 .text.TIM_ETR_SetConfig
                0x000000000800da22       0x3e ./Drivers/STM32F1xx_HAL_Driver/Src/stm32f1xx_hal_tim.o
                0x000000000800da22                TIM_ETR_SetConfig
 .text.HAL_TIMEx_MasterConfigSynchronization
                0x000000000800da60       0xd8 ./Drivers/STM32F1xx_HAL_Driver/Src/stm32f1xx_hal_tim_ex.o
                0x000000000800da60                HAL_TIMEx_MasterConfigSynchronization
 .text.HAL_TIMEx_CommutCallback
                0x000000000800db38       0x12 ./Drivers/STM32F1xx_HAL_Driver/Src/stm32f1xx_hal_tim_ex.o
                0x000000000800db38                HAL_TIMEx_CommutCallback
 .text.HAL_TIMEx_BreakCallback
                0x000000000800db4a       0x12 ./Drivers/STM32F1xx_HAL_Driver/Src/stm32f1xx_hal_tim_ex.o
                0x000000000800db4a                HAL_TIMEx_BreakCallback
 .text.HAL_UART_Init
                0x000000000800db5c       0x9a ./Drivers/STM32F1xx_HAL_Driver/Src/stm32f1xx_hal_uart.o
                0x000000000800db5c                HAL_UART_Init
 .text.HAL_UART_Transmit
                0x000000000800dbf6      0x124 ./Drivers/STM32F1xx_HAL_Driver/Src/stm32f1xx_hal_uart.o
                0x000000000800dbf6                HAL_UART_Transmit
 .text.HAL_UART_Receive_IT
                0x000000000800dd1a       0x60 ./Drivers/STM32F1xx_HAL_Driver/Src/stm32f1xx_hal_uart.o
                0x000000000800dd1a                HAL_UART_Receive_IT
 *fill*         0x000000000800dd7a        0x2 
 .text.HAL_UART_IRQHandler
                0x000000000800dd7c      0x354 ./Drivers/STM32F1xx_HAL_Driver/Src/stm32f1xx_hal_uart.o
                0x000000000800dd7c                HAL_UART_IRQHandler
 .text.HAL_UART_TxCpltCallback
                0x000000000800e0d0       0x12 ./Drivers/STM32F1xx_HAL_Driver/Src/stm32f1xx_hal_uart.o
                0x000000000800e0d0                HAL_UART_TxCpltCallback
 .text.HAL_UART_ErrorCallback
                0x000000000800e0e2       0x12 ./Drivers/STM32F1xx_HAL_Driver/Src/stm32f1xx_hal_uart.o
                0x000000000800e0e2                HAL_UART_ErrorCallback
 .text.HAL_UARTEx_RxEventCallback
                0x000000000800e0f4       0x16 ./Drivers/STM32F1xx_HAL_Driver/Src/stm32f1xx_hal_uart.o
                0x000000000800e0f4                HAL_UARTEx_RxEventCallback
 .text.UART_WaitOnFlagUntilTimeout
                0x000000000800e10a       0x94 ./Drivers/STM32F1xx_HAL_Driver/Src/stm32f1xx_hal_uart.o
 .text.UART_Start_Receive_IT
                0x000000000800e19e       0x72 ./Drivers/STM32F1xx_HAL_Driver/Src/stm32f1xx_hal_uart.o
                0x000000000800e19e                UART_Start_Receive_IT
 .text.UART_EndRxTransfer
                0x000000000800e210       0x58 ./Drivers/STM32F1xx_HAL_Driver/Src/stm32f1xx_hal_uart.o
 .text.UART_DMAAbortOnError
                0x000000000800e268       0x28 ./Drivers/STM32F1xx_HAL_Driver/Src/stm32f1xx_hal_uart.o
 .text.UART_Transmit_IT
                0x000000000800e290       0x9e ./Drivers/STM32F1xx_HAL_Driver/Src/stm32f1xx_hal_uart.o
 .text.UART_EndTransmit_IT
                0x000000000800e32e       0x30 ./Drivers/STM32F1xx_HAL_Driver/Src/stm32f1xx_hal_uart.o
 .text.UART_Receive_IT
                0x000000000800e35e      0x152 ./Drivers/STM32F1xx_HAL_Driver/Src/stm32f1xx_hal_uart.o
 .text.UART_SetConfig
                0x000000000800e4b0      0x11c ./Drivers/STM32F1xx_HAL_Driver/Src/stm32f1xx_hal_uart.o
 .text.sqrt     0x000000000800e5cc       0x48 d:/sustech/sophomore/esms/others/stm32cubeide_1.10.1/stm32cubeide/plugins/com.st.stm32cube.ide.mcu.externaltools.gnu-tools-for-stm32.10.3-2021.10.win32_1.0.0.202111181127/tools/bin/../lib/gcc/arm-none-eabi/10.3.1/../../../../arm-none-eabi/lib/thumb/v7-m/nofp\libm.a(lib_a-w_sqrt.o)
                0x000000000800e5cc                sqrt
 .text.__ieee754_sqrt
                0x000000000800e614      0x160 d:/sustech/sophomore/esms/others/stm32cubeide_1.10.1/stm32cubeide/plugins/com.st.stm32cube.ide.mcu.externaltools.gnu-tools-for-stm32.10.3-2021.10.win32_1.0.0.202111181127/tools/bin/../lib/gcc/arm-none-eabi/10.3.1/../../../../arm-none-eabi/lib/thumb/v7-m/nofp\libm.a(lib_a-e_sqrt.o)
                0x000000000800e614                __ieee754_sqrt
 .text.__errno  0x000000000800e774        0xc d:/sustech/sophomore/esms/others/stm32cubeide_1.10.1/stm32cubeide/plugins/com.st.stm32cube.ide.mcu.externaltools.gnu-tools-for-stm32.10.3-2021.10.win32_1.0.0.202111181127/tools/bin/../lib/gcc/arm-none-eabi/10.3.1/../../../../arm-none-eabi/lib/thumb/v7-m/nofp\libc_nano.a(lib_a-errno.o)
                0x000000000800e774                __errno
 .text.__libc_init_array
                0x000000000800e780       0x48 d:/sustech/sophomore/esms/others/stm32cubeide_1.10.1/stm32cubeide/plugins/com.st.stm32cube.ide.mcu.externaltools.gnu-tools-for-stm32.10.3-2021.10.win32_1.0.0.202111181127/tools/bin/../lib/gcc/arm-none-eabi/10.3.1/../../../../arm-none-eabi/lib/thumb/v7-m/nofp\libc_nano.a(lib_a-init.o)
                0x000000000800e780                __libc_init_array
 .text.memset   0x000000000800e7c8       0x10 d:/sustech/sophomore/esms/others/stm32cubeide_1.10.1/stm32cubeide/plugins/com.st.stm32cube.ide.mcu.externaltools.gnu-tools-for-stm32.10.3-2021.10.win32_1.0.0.202111181127/tools/bin/../lib/gcc/arm-none-eabi/10.3.1/../../../../arm-none-eabi/lib/thumb/v7-m/nofp\libc_nano.a(lib_a-memset.o)
                0x000000000800e7c8                memset
 .text.printf   0x000000000800e7d8       0x30 d:/sustech/sophomore/esms/others/stm32cubeide_1.10.1/stm32cubeide/plugins/com.st.stm32cube.ide.mcu.externaltools.gnu-tools-for-stm32.10.3-2021.10.win32_1.0.0.202111181127/tools/bin/../lib/gcc/arm-none-eabi/10.3.1/../../../../arm-none-eabi/lib/thumb/v7-m/nofp\libc_nano.a(lib_a-printf.o)
                0x000000000800e7d8                iprintf
                0x000000000800e7d8                printf
 .text.rand     0x000000000800e808       0x7c d:/sustech/sophomore/esms/others/stm32cubeide_1.10.1/stm32cubeide/plugins/com.st.stm32cube.ide.mcu.externaltools.gnu-tools-for-stm32.10.3-2021.10.win32_1.0.0.202111181127/tools/bin/../lib/gcc/arm-none-eabi/10.3.1/../../../../arm-none-eabi/lib/thumb/v7-m/nofp\libc_nano.a(lib_a-rand.o)
                0x000000000800e808                rand
 .text.sprintf  0x000000000800e884       0x40 d:/sustech/sophomore/esms/others/stm32cubeide_1.10.1/stm32cubeide/plugins/com.st.stm32cube.ide.mcu.externaltools.gnu-tools-for-stm32.10.3-2021.10.win32_1.0.0.202111181127/tools/bin/../lib/gcc/arm-none-eabi/10.3.1/../../../../arm-none-eabi/lib/thumb/v7-m/nofp\libc_nano.a(lib_a-sprintf.o)
                0x000000000800e884                siprintf
                0x000000000800e884                sprintf
 .text.__assert_func
                0x000000000800e8c4       0x3c d:/sustech/sophomore/esms/others/stm32cubeide_1.10.1/stm32cubeide/plugins/com.st.stm32cube.ide.mcu.externaltools.gnu-tools-for-stm32.10.3-2021.10.win32_1.0.0.202111181127/tools/bin/../lib/gcc/arm-none-eabi/10.3.1/../../../../arm-none-eabi/lib/thumb/v7-m/nofp\libc_nano.a(lib_a-assert.o)
                0x000000000800e8c4                __assert_func
 .text.std      0x000000000800e900       0x48 d:/sustech/sophomore/esms/others/stm32cubeide_1.10.1/stm32cubeide/plugins/com.st.stm32cube.ide.mcu.externaltools.gnu-tools-for-stm32.10.3-2021.10.win32_1.0.0.202111181127/tools/bin/../lib/gcc/arm-none-eabi/10.3.1/../../../../arm-none-eabi/lib/thumb/v7-m/nofp\libc_nano.a(lib_a-findfp.o)
 .text._cleanup_r
                0x000000000800e948        0xc d:/sustech/sophomore/esms/others/stm32cubeide_1.10.1/stm32cubeide/plugins/com.st.stm32cube.ide.mcu.externaltools.gnu-tools-for-stm32.10.3-2021.10.win32_1.0.0.202111181127/tools/bin/../lib/gcc/arm-none-eabi/10.3.1/../../../../arm-none-eabi/lib/thumb/v7-m/nofp\libc_nano.a(lib_a-findfp.o)
                0x000000000800e948                _cleanup_r
 .text.__sfmoreglue
                0x000000000800e954       0x2c d:/sustech/sophomore/esms/others/stm32cubeide_1.10.1/stm32cubeide/plugins/com.st.stm32cube.ide.mcu.externaltools.gnu-tools-for-stm32.10.3-2021.10.win32_1.0.0.202111181127/tools/bin/../lib/gcc/arm-none-eabi/10.3.1/../../../../arm-none-eabi/lib/thumb/v7-m/nofp\libc_nano.a(lib_a-findfp.o)
                0x000000000800e954                __sfmoreglue
 .text.__sfp_lock_acquire
                0x000000000800e980        0xc d:/sustech/sophomore/esms/others/stm32cubeide_1.10.1/stm32cubeide/plugins/com.st.stm32cube.ide.mcu.externaltools.gnu-tools-for-stm32.10.3-2021.10.win32_1.0.0.202111181127/tools/bin/../lib/gcc/arm-none-eabi/10.3.1/../../../../arm-none-eabi/lib/thumb/v7-m/nofp\libc_nano.a(lib_a-findfp.o)
                0x000000000800e980                __sfp_lock_acquire
 .text.__sfp_lock_release
                0x000000000800e98c        0xc d:/sustech/sophomore/esms/others/stm32cubeide_1.10.1/stm32cubeide/plugins/com.st.stm32cube.ide.mcu.externaltools.gnu-tools-for-stm32.10.3-2021.10.win32_1.0.0.202111181127/tools/bin/../lib/gcc/arm-none-eabi/10.3.1/../../../../arm-none-eabi/lib/thumb/v7-m/nofp\libc_nano.a(lib_a-findfp.o)
                0x000000000800e98c                __sfp_lock_release
 .text.__sinit_lock_acquire
                0x000000000800e998        0xc d:/sustech/sophomore/esms/others/stm32cubeide_1.10.1/stm32cubeide/plugins/com.st.stm32cube.ide.mcu.externaltools.gnu-tools-for-stm32.10.3-2021.10.win32_1.0.0.202111181127/tools/bin/../lib/gcc/arm-none-eabi/10.3.1/../../../../arm-none-eabi/lib/thumb/v7-m/nofp\libc_nano.a(lib_a-findfp.o)
                0x000000000800e998                __sinit_lock_acquire
 .text.__sinit_lock_release
                0x000000000800e9a4        0xc d:/sustech/sophomore/esms/others/stm32cubeide_1.10.1/stm32cubeide/plugins/com.st.stm32cube.ide.mcu.externaltools.gnu-tools-for-stm32.10.3-2021.10.win32_1.0.0.202111181127/tools/bin/../lib/gcc/arm-none-eabi/10.3.1/../../../../arm-none-eabi/lib/thumb/v7-m/nofp\libc_nano.a(lib_a-findfp.o)
                0x000000000800e9a4                __sinit_lock_release
 .text.__sinit  0x000000000800e9b0       0x70 d:/sustech/sophomore/esms/others/stm32cubeide_1.10.1/stm32cubeide/plugins/com.st.stm32cube.ide.mcu.externaltools.gnu-tools-for-stm32.10.3-2021.10.win32_1.0.0.202111181127/tools/bin/../lib/gcc/arm-none-eabi/10.3.1/../../../../arm-none-eabi/lib/thumb/v7-m/nofp\libc_nano.a(lib_a-findfp.o)
                0x000000000800e9b0                __sinit
 .text.__sfp    0x000000000800ea20       0x8c d:/sustech/sophomore/esms/others/stm32cubeide_1.10.1/stm32cubeide/plugins/com.st.stm32cube.ide.mcu.externaltools.gnu-tools-for-stm32.10.3-2021.10.win32_1.0.0.202111181127/tools/bin/../lib/gcc/arm-none-eabi/10.3.1/../../../../arm-none-eabi/lib/thumb/v7-m/nofp\libc_nano.a(lib_a-findfp.o)
                0x000000000800ea20                __sfp
 .text.fprintf  0x000000000800eaac       0x24 d:/sustech/sophomore/esms/others/stm32cubeide_1.10.1/stm32cubeide/plugins/com.st.stm32cube.ide.mcu.externaltools.gnu-tools-for-stm32.10.3-2021.10.win32_1.0.0.202111181127/tools/bin/../lib/gcc/arm-none-eabi/10.3.1/../../../../arm-none-eabi/lib/thumb/v7-m/nofp\libc_nano.a(lib_a-fprintf.o)
                0x000000000800eaac                fiprintf
                0x000000000800eaac                fprintf
 .text._fwalk_reent
                0x000000000800ead0       0x3e d:/sustech/sophomore/esms/others/stm32cubeide_1.10.1/stm32cubeide/plugins/com.st.stm32cube.ide.mcu.externaltools.gnu-tools-for-stm32.10.3-2021.10.win32_1.0.0.202111181127/tools/bin/../lib/gcc/arm-none-eabi/10.3.1/../../../../arm-none-eabi/lib/thumb/v7-m/nofp\libc_nano.a(lib_a-fwalk.o)
                0x000000000800ead0                _fwalk_reent
 .text.__retarget_lock_init_recursive
                0x000000000800eb0e        0x2 d:/sustech/sophomore/esms/others/stm32cubeide_1.10.1/stm32cubeide/plugins/com.st.stm32cube.ide.mcu.externaltools.gnu-tools-for-stm32.10.3-2021.10.win32_1.0.0.202111181127/tools/bin/../lib/gcc/arm-none-eabi/10.3.1/../../../../arm-none-eabi/lib/thumb/v7-m/nofp\libc_nano.a(lib_a-lock.o)
                0x000000000800eb0e                __retarget_lock_init_recursive
 .text.__retarget_lock_acquire_recursive
                0x000000000800eb10        0x2 d:/sustech/sophomore/esms/others/stm32cubeide_1.10.1/stm32cubeide/plugins/com.st.stm32cube.ide.mcu.externaltools.gnu-tools-for-stm32.10.3-2021.10.win32_1.0.0.202111181127/tools/bin/../lib/gcc/arm-none-eabi/10.3.1/../../../../arm-none-eabi/lib/thumb/v7-m/nofp\libc_nano.a(lib_a-lock.o)
                0x000000000800eb10                __retarget_lock_acquire_recursive
 .text.__retarget_lock_release_recursive
                0x000000000800eb12        0x2 d:/sustech/sophomore/esms/others/stm32cubeide_1.10.1/stm32cubeide/plugins/com.st.stm32cube.ide.mcu.externaltools.gnu-tools-for-stm32.10.3-2021.10.win32_1.0.0.202111181127/tools/bin/../lib/gcc/arm-none-eabi/10.3.1/../../../../arm-none-eabi/lib/thumb/v7-m/nofp\libc_nano.a(lib_a-lock.o)
                0x000000000800eb12                __retarget_lock_release_recursive
 .text.malloc   0x000000000800eb14       0x10 d:/sustech/sophomore/esms/others/stm32cubeide_1.10.1/stm32cubeide/plugins/com.st.stm32cube.ide.mcu.externaltools.gnu-tools-for-stm32.10.3-2021.10.win32_1.0.0.202111181127/tools/bin/../lib/gcc/arm-none-eabi/10.3.1/../../../../arm-none-eabi/lib/thumb/v7-m/nofp\libc_nano.a(lib_a-malloc.o)
                0x000000000800eb14                malloc
 .text._free_r  0x000000000800eb24       0x90 d:/sustech/sophomore/esms/others/stm32cubeide_1.10.1/stm32cubeide/plugins/com.st.stm32cube.ide.mcu.externaltools.gnu-tools-for-stm32.10.3-2021.10.win32_1.0.0.202111181127/tools/bin/../lib/gcc/arm-none-eabi/10.3.1/../../../../arm-none-eabi/lib/thumb/v7-m/nofp\libc_nano.a(lib_a-nano-freer.o)
                0x000000000800eb24                _free_r
 .text.sbrk_aligned
                0x000000000800ebb4       0x40 d:/sustech/sophomore/esms/others/stm32cubeide_1.10.1/stm32cubeide/plugins/com.st.stm32cube.ide.mcu.externaltools.gnu-tools-for-stm32.10.3-2021.10.win32_1.0.0.202111181127/tools/bin/../lib/gcc/arm-none-eabi/10.3.1/../../../../arm-none-eabi/lib/thumb/v7-m/nofp\libc_nano.a(lib_a-nano-mallocr.o)
 .text._malloc_r
                0x000000000800ebf4       0xe8 d:/sustech/sophomore/esms/others/stm32cubeide_1.10.1/stm32cubeide/plugins/com.st.stm32cube.ide.mcu.externaltools.gnu-tools-for-stm32.10.3-2021.10.win32_1.0.0.202111181127/tools/bin/../lib/gcc/arm-none-eabi/10.3.1/../../../../arm-none-eabi/lib/thumb/v7-m/nofp\libc_nano.a(lib_a-nano-mallocr.o)
                0x000000000800ebf4                _malloc_r
 .text.__ssputs_r
                0x000000000800ecdc       0xb6 d:/sustech/sophomore/esms/others/stm32cubeide_1.10.1/stm32cubeide/plugins/com.st.stm32cube.ide.mcu.externaltools.gnu-tools-for-stm32.10.3-2021.10.win32_1.0.0.202111181127/tools/bin/../lib/gcc/arm-none-eabi/10.3.1/../../../../arm-none-eabi/lib/thumb/v7-m/nofp\libc_nano.a(lib_a-nano-svfprintf.o)
                0x000000000800ecdc                __ssputs_r
 *fill*         0x000000000800ed92        0x2 
 .text._svfprintf_r
                0x000000000800ed94      0x200 d:/sustech/sophomore/esms/others/stm32cubeide_1.10.1/stm32cubeide/plugins/com.st.stm32cube.ide.mcu.externaltools.gnu-tools-for-stm32.10.3-2021.10.win32_1.0.0.202111181127/tools/bin/../lib/gcc/arm-none-eabi/10.3.1/../../../../arm-none-eabi/lib/thumb/v7-m/nofp\libc_nano.a(lib_a-nano-svfprintf.o)
                0x000000000800ed94                _svfiprintf_r
                0x000000000800ed94                _svfprintf_r
 .text.__sfputc_r
                0x000000000800ef94       0x2a d:/sustech/sophomore/esms/others/stm32cubeide_1.10.1/stm32cubeide/plugins/com.st.stm32cube.ide.mcu.externaltools.gnu-tools-for-stm32.10.3-2021.10.win32_1.0.0.202111181127/tools/bin/../lib/gcc/arm-none-eabi/10.3.1/../../../../arm-none-eabi/lib/thumb/v7-m/nofp\libc_nano.a(lib_a-nano-vfprintf.o)
 .text.__sfputs_r
                0x000000000800efbe       0x24 d:/sustech/sophomore/esms/others/stm32cubeide_1.10.1/stm32cubeide/plugins/com.st.stm32cube.ide.mcu.externaltools.gnu-tools-for-stm32.10.3-2021.10.win32_1.0.0.202111181127/tools/bin/../lib/gcc/arm-none-eabi/10.3.1/../../../../arm-none-eabi/lib/thumb/v7-m/nofp\libc_nano.a(lib_a-nano-vfprintf.o)
                0x000000000800efbe                __sfputs_r
 *fill*         0x000000000800efe2        0x2 
 .text._vfprintf_r
                0x000000000800efe4      0x260 d:/sustech/sophomore/esms/others/stm32cubeide_1.10.1/stm32cubeide/plugins/com.st.stm32cube.ide.mcu.externaltools.gnu-tools-for-stm32.10.3-2021.10.win32_1.0.0.202111181127/tools/bin/../lib/gcc/arm-none-eabi/10.3.1/../../../../arm-none-eabi/lib/thumb/v7-m/nofp\libc_nano.a(lib_a-nano-vfprintf.o)
                0x000000000800efe4                _vfprintf_r
                0x000000000800efe4                _vfiprintf_r
 .text._printf_common
                0x000000000800f244       0xde d:/sustech/sophomore/esms/others/stm32cubeide_1.10.1/stm32cubeide/plugins/com.st.stm32cube.ide.mcu.externaltools.gnu-tools-for-stm32.10.3-2021.10.win32_1.0.0.202111181127/tools/bin/../lib/gcc/arm-none-eabi/10.3.1/../../../../arm-none-eabi/lib/thumb/v7-m/nofp\libc_nano.a(lib_a-nano-vfprintf_i.o)
                0x000000000800f244                _printf_common
 *fill*         0x000000000800f322        0x2 
 .text._printf_i
                0x000000000800f324      0x24c d:/sustech/sophomore/esms/others/stm32cubeide_1.10.1/stm32cubeide/plugins/com.st.stm32cube.ide.mcu.externaltools.gnu-tools-for-stm32.10.3-2021.10.win32_1.0.0.202111181127/tools/bin/../lib/gcc/arm-none-eabi/10.3.1/../../../../arm-none-eabi/lib/thumb/v7-m/nofp\libc_nano.a(lib_a-nano-vfprintf_i.o)
                0x000000000800f324                _printf_i
 .text._sbrk_r  0x000000000800f570       0x20 d:/sustech/sophomore/esms/others/stm32cubeide_1.10.1/stm32cubeide/plugins/com.st.stm32cube.ide.mcu.externaltools.gnu-tools-for-stm32.10.3-2021.10.win32_1.0.0.202111181127/tools/bin/../lib/gcc/arm-none-eabi/10.3.1/../../../../arm-none-eabi/lib/thumb/v7-m/nofp\libc_nano.a(lib_a-sbrkr.o)
                0x000000000800f570                _sbrk_r
 .text.__sread  0x000000000800f590       0x22 d:/sustech/sophomore/esms/others/stm32cubeide_1.10.1/stm32cubeide/plugins/com.st.stm32cube.ide.mcu.externaltools.gnu-tools-for-stm32.10.3-2021.10.win32_1.0.0.202111181127/tools/bin/../lib/gcc/arm-none-eabi/10.3.1/../../../../arm-none-eabi/lib/thumb/v7-m/nofp\libc_nano.a(lib_a-stdio.o)
                0x000000000800f590                __sread
 .text.__swrite
                0x000000000800f5b2       0x38 d:/sustech/sophomore/esms/others/stm32cubeide_1.10.1/stm32cubeide/plugins/com.st.stm32cube.ide.mcu.externaltools.gnu-tools-for-stm32.10.3-2021.10.win32_1.0.0.202111181127/tools/bin/../lib/gcc/arm-none-eabi/10.3.1/../../../../arm-none-eabi/lib/thumb/v7-m/nofp\libc_nano.a(lib_a-stdio.o)
                0x000000000800f5b2                __swrite
 .text.__sseek  0x000000000800f5ea       0x24 d:/sustech/sophomore/esms/others/stm32cubeide_1.10.1/stm32cubeide/plugins/com.st.stm32cube.ide.mcu.externaltools.gnu-tools-for-stm32.10.3-2021.10.win32_1.0.0.202111181127/tools/bin/../lib/gcc/arm-none-eabi/10.3.1/../../../../arm-none-eabi/lib/thumb/v7-m/nofp\libc_nano.a(lib_a-stdio.o)
                0x000000000800f5ea                __sseek
 .text.__sclose
                0x000000000800f60e        0x8 d:/sustech/sophomore/esms/others/stm32cubeide_1.10.1/stm32cubeide/plugins/com.st.stm32cube.ide.mcu.externaltools.gnu-tools-for-stm32.10.3-2021.10.win32_1.0.0.202111181127/tools/bin/../lib/gcc/arm-none-eabi/10.3.1/../../../../arm-none-eabi/lib/thumb/v7-m/nofp\libc_nano.a(lib_a-stdio.o)
                0x000000000800f60e                __sclose
 *fill*         0x000000000800f616        0x2 
 .text.__swbuf_r
                0x000000000800f618       0xa4 d:/sustech/sophomore/esms/others/stm32cubeide_1.10.1/stm32cubeide/plugins/com.st.stm32cube.ide.mcu.externaltools.gnu-tools-for-stm32.10.3-2021.10.win32_1.0.0.202111181127/tools/bin/../lib/gcc/arm-none-eabi/10.3.1/../../../../arm-none-eabi/lib/thumb/v7-m/nofp\libc_nano.a(lib_a-wbuf.o)
                0x000000000800f618                __swbuf_r
 .text._write_r
                0x000000000800f6bc       0x24 d:/sustech/sophomore/esms/others/stm32cubeide_1.10.1/stm32cubeide/plugins/com.st.stm32cube.ide.mcu.externaltools.gnu-tools-for-stm32.10.3-2021.10.win32_1.0.0.202111181127/tools/bin/../lib/gcc/arm-none-eabi/10.3.1/../../../../arm-none-eabi/lib/thumb/v7-m/nofp\libc_nano.a(lib_a-writer.o)
                0x000000000800f6bc                _write_r
 .text.__swsetup_r
                0x000000000800f6e0       0xdc d:/sustech/sophomore/esms/others/stm32cubeide_1.10.1/stm32cubeide/plugins/com.st.stm32cube.ide.mcu.externaltools.gnu-tools-for-stm32.10.3-2021.10.win32_1.0.0.202111181127/tools/bin/../lib/gcc/arm-none-eabi/10.3.1/../../../../arm-none-eabi/lib/thumb/v7-m/nofp\libc_nano.a(lib_a-wsetup.o)
                0x000000000800f6e0                __swsetup_r
 .text.abort    0x000000000800f7bc        0xe d:/sustech/sophomore/esms/others/stm32cubeide_1.10.1/stm32cubeide/plugins/com.st.stm32cube.ide.mcu.externaltools.gnu-tools-for-stm32.10.3-2021.10.win32_1.0.0.202111181127/tools/bin/../lib/gcc/arm-none-eabi/10.3.1/../../../../arm-none-eabi/lib/thumb/v7-m/nofp\libc_nano.a(lib_a-abort.o)
                0x000000000800f7bc                abort
 *fill*         0x000000000800f7ca        0x2 
 .text._close_r
                0x000000000800f7cc       0x20 d:/sustech/sophomore/esms/others/stm32cubeide_1.10.1/stm32cubeide/plugins/com.st.stm32cube.ide.mcu.externaltools.gnu-tools-for-stm32.10.3-2021.10.win32_1.0.0.202111181127/tools/bin/../lib/gcc/arm-none-eabi/10.3.1/../../../../arm-none-eabi/lib/thumb/v7-m/nofp\libc_nano.a(lib_a-closer.o)
                0x000000000800f7cc                _close_r
 .text.__sflush_r
                0x000000000800f7ec      0x104 d:/sustech/sophomore/esms/others/stm32cubeide_1.10.1/stm32cubeide/plugins/com.st.stm32cube.ide.mcu.externaltools.gnu-tools-for-stm32.10.3-2021.10.win32_1.0.0.202111181127/tools/bin/../lib/gcc/arm-none-eabi/10.3.1/../../../../arm-none-eabi/lib/thumb/v7-m/nofp\libc_nano.a(lib_a-fflush.o)
                0x000000000800f7ec                __sflush_r
 .text._fflush_r
                0x000000000800f8f0       0x78 d:/sustech/sophomore/esms/others/stm32cubeide_1.10.1/stm32cubeide/plugins/com.st.stm32cube.ide.mcu.externaltools.gnu-tools-for-stm32.10.3-2021.10.win32_1.0.0.202111181127/tools/bin/../lib/gcc/arm-none-eabi/10.3.1/../../../../arm-none-eabi/lib/thumb/v7-m/nofp\libc_nano.a(lib_a-fflush.o)
                0x000000000800f8f0                _fflush_r
 .text._lseek_r
                0x000000000800f968       0x24 d:/sustech/sophomore/esms/others/stm32cubeide_1.10.1/stm32cubeide/plugins/com.st.stm32cube.ide.mcu.externaltools.gnu-tools-for-stm32.10.3-2021.10.win32_1.0.0.202111181127/tools/bin/../lib/gcc/arm-none-eabi/10.3.1/../../../../arm-none-eabi/lib/thumb/v7-m/nofp\libc_nano.a(lib_a-lseekr.o)
                0x000000000800f968                _lseek_r
 .text.__swhatbuf_r
                0x000000000800f98c       0x4a d:/sustech/sophomore/esms/others/stm32cubeide_1.10.1/stm32cubeide/plugins/com.st.stm32cube.ide.mcu.externaltools.gnu-tools-for-stm32.10.3-2021.10.win32_1.0.0.202111181127/tools/bin/../lib/gcc/arm-none-eabi/10.3.1/../../../../arm-none-eabi/lib/thumb/v7-m/nofp\libc_nano.a(lib_a-makebuf.o)
                0x000000000800f98c                __swhatbuf_r
 *fill*         0x000000000800f9d6        0x2 
 .text.__smakebuf_r
                0x000000000800f9d8       0x80 d:/sustech/sophomore/esms/others/stm32cubeide_1.10.1/stm32cubeide/plugins/com.st.stm32cube.ide.mcu.externaltools.gnu-tools-for-stm32.10.3-2021.10.win32_1.0.0.202111181127/tools/bin/../lib/gcc/arm-none-eabi/10.3.1/../../../../arm-none-eabi/lib/thumb/v7-m/nofp\libc_nano.a(lib_a-makebuf.o)
                0x000000000800f9d8                __smakebuf_r
 .text.memchr   0x000000000800fa58       0x1c d:/sustech/sophomore/esms/others/stm32cubeide_1.10.1/stm32cubeide/plugins/com.st.stm32cube.ide.mcu.externaltools.gnu-tools-for-stm32.10.3-2021.10.win32_1.0.0.202111181127/tools/bin/../lib/gcc/arm-none-eabi/10.3.1/../../../../arm-none-eabi/lib/thumb/v7-m/nofp\libc_nano.a(lib_a-memchr-stub.o)
                0x000000000800fa58                memchr
 .text.memcpy   0x000000000800fa74       0x1c d:/sustech/sophomore/esms/others/stm32cubeide_1.10.1/stm32cubeide/plugins/com.st.stm32cube.ide.mcu.externaltools.gnu-tools-for-stm32.10.3-2021.10.win32_1.0.0.202111181127/tools/bin/../lib/gcc/arm-none-eabi/10.3.1/../../../../arm-none-eabi/lib/thumb/v7-m/nofp\libc_nano.a(lib_a-memcpy-stub.o)
                0x000000000800fa74                memcpy
 .text.memmove  0x000000000800fa90       0x34 d:/sustech/sophomore/esms/others/stm32cubeide_1.10.1/stm32cubeide/plugins/com.st.stm32cube.ide.mcu.externaltools.gnu-tools-for-stm32.10.3-2021.10.win32_1.0.0.202111181127/tools/bin/../lib/gcc/arm-none-eabi/10.3.1/../../../../arm-none-eabi/lib/thumb/v7-m/nofp\libc_nano.a(lib_a-memmove.o)
                0x000000000800fa90                memmove
 .text.__malloc_lock
                0x000000000800fac4        0xc d:/sustech/sophomore/esms/others/stm32cubeide_1.10.1/stm32cubeide/plugins/com.st.stm32cube.ide.mcu.externaltools.gnu-tools-for-stm32.10.3-2021.10.win32_1.0.0.202111181127/tools/bin/../lib/gcc/arm-none-eabi/10.3.1/../../../../arm-none-eabi/lib/thumb/v7-m/nofp\libc_nano.a(lib_a-mlock.o)
                0x000000000800fac4                __malloc_lock
 .text.__malloc_unlock
                0x000000000800fad0        0xc d:/sustech/sophomore/esms/others/stm32cubeide_1.10.1/stm32cubeide/plugins/com.st.stm32cube.ide.mcu.externaltools.gnu-tools-for-stm32.10.3-2021.10.win32_1.0.0.202111181127/tools/bin/../lib/gcc/arm-none-eabi/10.3.1/../../../../arm-none-eabi/lib/thumb/v7-m/nofp\libc_nano.a(lib_a-mlock.o)
                0x000000000800fad0                __malloc_unlock
 .text._realloc_r
                0x000000000800fadc       0x5e d:/sustech/sophomore/esms/others/stm32cubeide_1.10.1/stm32cubeide/plugins/com.st.stm32cube.ide.mcu.externaltools.gnu-tools-for-stm32.10.3-2021.10.win32_1.0.0.202111181127/tools/bin/../lib/gcc/arm-none-eabi/10.3.1/../../../../arm-none-eabi/lib/thumb/v7-m/nofp\libc_nano.a(lib_a-nano-reallocr.o)
                0x000000000800fadc                _realloc_r
 *fill*         0x000000000800fb3a        0x2 
 .text._read_r  0x000000000800fb3c       0x24 d:/sustech/sophomore/esms/others/stm32cubeide_1.10.1/stm32cubeide/plugins/com.st.stm32cube.ide.mcu.externaltools.gnu-tools-for-stm32.10.3-2021.10.win32_1.0.0.202111181127/tools/bin/../lib/gcc/arm-none-eabi/10.3.1/../../../../arm-none-eabi/lib/thumb/v7-m/nofp\libc_nano.a(lib_a-readr.o)
                0x000000000800fb3c                _read_r
 .text._raise_r
                0x000000000800fb60       0x50 d:/sustech/sophomore/esms/others/stm32cubeide_1.10.1/stm32cubeide/plugins/com.st.stm32cube.ide.mcu.externaltools.gnu-tools-for-stm32.10.3-2021.10.win32_1.0.0.202111181127/tools/bin/../lib/gcc/arm-none-eabi/10.3.1/../../../../arm-none-eabi/lib/thumb/v7-m/nofp\libc_nano.a(lib_a-signal.o)
                0x000000000800fb60                _raise_r
 .text.raise    0x000000000800fbb0       0x10 d:/sustech/sophomore/esms/others/stm32cubeide_1.10.1/stm32cubeide/plugins/com.st.stm32cube.ide.mcu.externaltools.gnu-tools-for-stm32.10.3-2021.10.win32_1.0.0.202111181127/tools/bin/../lib/gcc/arm-none-eabi/10.3.1/../../../../arm-none-eabi/lib/thumb/v7-m/nofp\libc_nano.a(lib_a-signal.o)
                0x000000000800fbb0                raise
 .text._kill_r  0x000000000800fbc0       0x24 d:/sustech/sophomore/esms/others/stm32cubeide_1.10.1/stm32cubeide/plugins/com.st.stm32cube.ide.mcu.externaltools.gnu-tools-for-stm32.10.3-2021.10.win32_1.0.0.202111181127/tools/bin/../lib/gcc/arm-none-eabi/10.3.1/../../../../arm-none-eabi/lib/thumb/v7-m/nofp\libc_nano.a(lib_a-signalr.o)
                0x000000000800fbc0                _kill_r
 .text._getpid_r
                0x000000000800fbe4        0x4 d:/sustech/sophomore/esms/others/stm32cubeide_1.10.1/stm32cubeide/plugins/com.st.stm32cube.ide.mcu.externaltools.gnu-tools-for-stm32.10.3-2021.10.win32_1.0.0.202111181127/tools/bin/../lib/gcc/arm-none-eabi/10.3.1/../../../../arm-none-eabi/lib/thumb/v7-m/nofp\libc_nano.a(lib_a-signalr.o)
                0x000000000800fbe4                _getpid_r
 .text._fstat_r
                0x000000000800fbe8       0x24 d:/sustech/sophomore/esms/others/stm32cubeide_1.10.1/stm32cubeide/plugins/com.st.stm32cube.ide.mcu.externaltools.gnu-tools-for-stm32.10.3-2021.10.win32_1.0.0.202111181127/tools/bin/../lib/gcc/arm-none-eabi/10.3.1/../../../../arm-none-eabi/lib/thumb/v7-m/nofp\libc_nano.a(lib_a-fstatr.o)
                0x000000000800fbe8                _fstat_r
 .text._isatty_r
                0x000000000800fc0c       0x20 d:/sustech/sophomore/esms/others/stm32cubeide_1.10.1/stm32cubeide/plugins/com.st.stm32cube.ide.mcu.externaltools.gnu-tools-for-stm32.10.3-2021.10.win32_1.0.0.202111181127/tools/bin/../lib/gcc/arm-none-eabi/10.3.1/../../../../arm-none-eabi/lib/thumb/v7-m/nofp\libc_nano.a(lib_a-isattyr.o)
                0x000000000800fc0c                _isatty_r
 .text._malloc_usable_size_r
                0x000000000800fc2c       0x10 d:/sustech/sophomore/esms/others/stm32cubeide_1.10.1/stm32cubeide/plugins/com.st.stm32cube.ide.mcu.externaltools.gnu-tools-for-stm32.10.3-2021.10.win32_1.0.0.202111181127/tools/bin/../lib/gcc/arm-none-eabi/10.3.1/../../../../arm-none-eabi/lib/thumb/v7-m/nofp\libc_nano.a(lib_a-nano-msizer.o)
                0x000000000800fc2c                _malloc_usable_size_r
 *(.glue_7)
 .glue_7        0x000000000800fc3c        0x0 linker stubs
 *(.glue_7t)
 .glue_7t       0x000000000800fc3c        0x0 linker stubs
 *(.eh_frame)
 .eh_frame      0x000000000800fc3c        0x0 d:/sustech/sophomore/esms/others/stm32cubeide_1.10.1/stm32cubeide/plugins/com.st.stm32cube.ide.mcu.externaltools.gnu-tools-for-stm32.10.3-2021.10.win32_1.0.0.202111181127/tools/bin/../lib/gcc/arm-none-eabi/10.3.1/thumb/v7-m/nofp/crtbegin.o
 *(.init)
 .init          0x000000000800fc3c        0x4 d:/sustech/sophomore/esms/others/stm32cubeide_1.10.1/stm32cubeide/plugins/com.st.stm32cube.ide.mcu.externaltools.gnu-tools-for-stm32.10.3-2021.10.win32_1.0.0.202111181127/tools/bin/../lib/gcc/arm-none-eabi/10.3.1/thumb/v7-m/nofp/crti.o
                0x000000000800fc3c                _init
 .init          0x000000000800fc40        0x8 d:/sustech/sophomore/esms/others/stm32cubeide_1.10.1/stm32cubeide/plugins/com.st.stm32cube.ide.mcu.externaltools.gnu-tools-for-stm32.10.3-2021.10.win32_1.0.0.202111181127/tools/bin/../lib/gcc/arm-none-eabi/10.3.1/thumb/v7-m/nofp/crtn.o
 *(.fini)
 .fini          0x000000000800fc48        0x4 d:/sustech/sophomore/esms/others/stm32cubeide_1.10.1/stm32cubeide/plugins/com.st.stm32cube.ide.mcu.externaltools.gnu-tools-for-stm32.10.3-2021.10.win32_1.0.0.202111181127/tools/bin/../lib/gcc/arm-none-eabi/10.3.1/thumb/v7-m/nofp/crti.o
                0x000000000800fc48                _fini
 .fini          0x000000000800fc4c        0x8 d:/sustech/sophomore/esms/others/stm32cubeide_1.10.1/stm32cubeide/plugins/com.st.stm32cube.ide.mcu.externaltools.gnu-tools-for-stm32.10.3-2021.10.win32_1.0.0.202111181127/tools/bin/../lib/gcc/arm-none-eabi/10.3.1/thumb/v7-m/nofp/crtn.o
                0x000000000800fc54                . = ALIGN (0x4)
                0x000000000800fc54                _etext = .

.vfp11_veneer   0x000000000800fc54        0x0
 .vfp11_veneer  0x000000000800fc54        0x0 linker stubs

.v4_bx          0x000000000800fc54        0x0
 .v4_bx         0x000000000800fc54        0x0 linker stubs

.iplt           0x000000000800fc54        0x0
 .iplt          0x000000000800fc54        0x0 d:/sustech/sophomore/esms/others/stm32cubeide_1.10.1/stm32cubeide/plugins/com.st.stm32cube.ide.mcu.externaltools.gnu-tools-for-stm32.10.3-2021.10.win32_1.0.0.202111181127/tools/bin/../lib/gcc/arm-none-eabi/10.3.1/thumb/v7-m/nofp/crtbegin.o

.rodata         0x000000000800fc54    0x14bb8
                0x000000000800fc54                . = ALIGN (0x4)
 *(.rodata)
 .rodata        0x000000000800fc54        0x5 ./Core/Src/24l01.o
 *fill*         0x000000000800fc59        0x3 
 .rodata        0x000000000800fc5c        0xc ./Core/Src/ft5206.o
 .rodata        0x000000000800fc68       0x25 ./Core/Src/gt9147.o
 *fill*         0x000000000800fc8d        0x3 
 .rodata        0x000000000800fc90        0xd ./Core/Src/lcd.o
 *fill*         0x000000000800fc9d        0x3 
 .rodata        0x000000000800fca0       0xcb ./Core/Src/main.o
 *fill*         0x000000000800fd6b        0x1 
 .rodata        0x000000000800fd6c        0xc ./Core/Src/ott2001a.o
 .rodata        0x000000000800fd78      0x8d7 ./Core/Src/pkm_character.o
 *fill*         0x000000000801064f        0x1 
 .rodata        0x0000000008010650       0xd0 ./Core/Src/touch.o
 .rodata        0x0000000008010720       0x10 ./Drivers/STM32F1xx_HAL_Driver/Src/stm32f1xx_hal_rcc.o
 *(.rodata*)
 .rodata.TX_ADDRESS
                0x0000000008010730        0x5 ./Core/Src/24l01.o
                0x0000000008010730                TX_ADDRESS
 *fill*         0x0000000008010735        0x3 
 .rodata.RX_ADDRESS
                0x0000000008010738        0x5 ./Core/Src/24l01.o
                0x0000000008010738                RX_ADDRESS
 *fill*         0x000000000801073d        0x3 
 .rodata.FT5206_TPX_TBL
                0x0000000008010740        0xa ./Core/Src/ft5206.o
                0x0000000008010740                FT5206_TPX_TBL
 *fill*         0x000000000801074a        0x2 
 .rodata.GT9147_CFG_TBL
                0x000000000801074c       0xb8 ./Core/Src/gt9147.o
                0x000000000801074c                GT9147_CFG_TBL
 .rodata.GT9147_TPX_TBL
                0x0000000008010804        0xa ./Core/Src/gt9147.o
                0x0000000008010804                GT9147_TPX_TBL
 *fill*         0x000000000801080e        0x2 
 .rodata.asc2_1206
                0x0000000008010810      0x474 ./Core/Src/lcd.o
                0x0000000008010810                asc2_1206
 .rodata.asc2_1608
                0x0000000008010c84      0x5f0 ./Core/Src/lcd.o
                0x0000000008010c84                asc2_1608
 .rodata.asc2_2412
                0x0000000008011274      0xd5c ./Core/Src/lcd.o
                0x0000000008011274                asc2_2412
 .rodata.gImage_P1_1
                0x0000000008011fd0     0x1189 ./Core/Src/lcd.o
                0x0000000008011fd0                gImage_P1_1
 *fill*         0x0000000008013159        0x3 
 .rodata.gImage_P0
                0x000000000801315c     0x1189 ./Core/Src/lcd.o
                0x000000000801315c                gImage_P0
 *fill*         0x00000000080142e5        0x3 
 .rodata.gImage_P2_1
                0x00000000080142e8     0x1189 ./Core/Src/lcd.o
                0x00000000080142e8                gImage_P2_1
 *fill*         0x0000000008015471        0x3 
 .rodata.gImage_P3_1
                0x0000000008015474     0x1189 ./Core/Src/lcd.o
                0x0000000008015474                gImage_P3_1
 *fill*         0x00000000080165fd        0x3 
 .rodata.gImage_ATK
                0x0000000008016600      0x384 ./Core/Src/lcd.o
                0x0000000008016600                gImage_ATK
 .rodata.gImage_DEF
                0x0000000008016984      0x384 ./Core/Src/lcd.o
                0x0000000008016984                gImage_DEF
 .rodata.gImage_SK
                0x0000000008016d08      0x384 ./Core/Src/lcd.o
                0x0000000008016d08                gImage_SK
 .rodata.gImage_ATK2
                0x000000000801708c      0x384 ./Core/Src/lcd.o
                0x000000000801708c                gImage_ATK2
 .rodata.gImage_P1_2
                0x0000000008017410     0x1189 ./Core/Src/lcd.o
                0x0000000008017410                gImage_P1_2
 *fill*         0x0000000008018599        0x3 
 .rodata.gImage_P1_3
                0x000000000801859c     0x1189 ./Core/Src/lcd.o
                0x000000000801859c                gImage_P1_3
 *fill*         0x0000000008019725        0x3 
 .rodata.gImage_P1_4
                0x0000000008019728     0x1189 ./Core/Src/lcd.o
                0x0000000008019728                gImage_P1_4
 *fill*         0x000000000801a8b1        0x3 
 .rodata.gImage_P1_5
                0x000000000801a8b4     0x1189 ./Core/Src/lcd.o
                0x000000000801a8b4                gImage_P1_5
 *fill*         0x000000000801ba3d        0x3 
 .rodata.gImage_P2_2
                0x000000000801ba40     0x1189 ./Core/Src/lcd.o
                0x000000000801ba40                gImage_P2_2
 *fill*         0x000000000801cbc9        0x3 
 .rodata.gImage_P2_3
                0x000000000801cbcc     0x1189 ./Core/Src/lcd.o
                0x000000000801cbcc                gImage_P2_3
 *fill*         0x000000000801dd55        0x3 
 .rodata.gImage_P2_4
                0x000000000801dd58     0x1189 ./Core/Src/lcd.o
                0x000000000801dd58                gImage_P2_4
 *fill*         0x000000000801eee1        0x3 
 .rodata.gImage_P2_5
                0x000000000801eee4     0x1189 ./Core/Src/lcd.o
                0x000000000801eee4                gImage_P2_5
 *fill*         0x000000000802006d        0x3 
 .rodata.gImage_P3_2
                0x0000000008020070     0x1189 ./Core/Src/lcd.o
                0x0000000008020070                gImage_P3_2
 *fill*         0x00000000080211f9        0x3 
 .rodata.gImage_P3_3
                0x00000000080211fc     0x1189 ./Core/Src/lcd.o
                0x00000000080211fc                gImage_P3_3
 *fill*         0x0000000008022385        0x3 
 .rodata.gImage_P3_4
                0x0000000008022388     0x1189 ./Core/Src/lcd.o
                0x0000000008022388                gImage_P3_4
 *fill*         0x0000000008023511        0x3 
 .rodata.gImage_P3_5
                0x0000000008023514     0x1189 ./Core/Src/lcd.o
                0x0000000008023514                gImage_P3_5
 *fill*         0x000000000802469d        0x3 
 .rodata.OTT_TPX_TBL
                0x00000000080246a0        0xa ./Core/Src/ott2001a.o
                0x00000000080246a0                OTT_TPX_TBL
 *fill*         0x00000000080246aa        0x2 
 .rodata.AHBPrescTable
                0x00000000080246ac       0x10 ./Core/Src/system_stm32f1xx.o
                0x00000000080246ac                AHBPrescTable
 .rodata.APBPrescTable
                0x00000000080246bc        0x8 ./Core/Src/system_stm32f1xx.o
                0x00000000080246bc                APBPrescTable
 .rodata._global_impure_ptr
                0x00000000080246c4        0x4 d:/sustech/sophomore/esms/others/stm32cubeide_1.10.1/stm32cubeide/plugins/com.st.stm32cube.ide.mcu.externaltools.gnu-tools-for-stm32.10.3-2021.10.win32_1.0.0.202111181127/tools/bin/../lib/gcc/arm-none-eabi/10.3.1/../../../../arm-none-eabi/lib/thumb/v7-m/nofp\libc_nano.a(lib_a-impure.o)
                0x00000000080246c4                _global_impure_ptr
 .rodata.srand.str1.1
                0x00000000080246c8       0x72 d:/sustech/sophomore/esms/others/stm32cubeide_1.10.1/stm32cubeide/plugins/com.st.stm32cube.ide.mcu.externaltools.gnu-tools-for-stm32.10.3-2021.10.win32_1.0.0.202111181127/tools/bin/../lib/gcc/arm-none-eabi/10.3.1/../../../../arm-none-eabi/lib/thumb/v7-m/nofp\libc_nano.a(lib_a-rand.o)
 .rodata.__assert_func.str1.1
                0x000000000802473a       0x3c d:/sustech/sophomore/esms/others/stm32cubeide_1.10.1/stm32cubeide/plugins/com.st.stm32cube.ide.mcu.externaltools.gnu-tools-for-stm32.10.3-2021.10.win32_1.0.0.202111181127/tools/bin/../lib/gcc/arm-none-eabi/10.3.1/../../../../arm-none-eabi/lib/thumb/v7-m/nofp\libc_nano.a(lib_a-assert.o)
                                         0x3d (size before relaxing)
 *fill*         0x0000000008024776        0x2 
 .rodata.__sf_fake_stderr
                0x0000000008024778       0x20 d:/sustech/sophomore/esms/others/stm32cubeide_1.10.1/stm32cubeide/plugins/com.st.stm32cube.ide.mcu.externaltools.gnu-tools-for-stm32.10.3-2021.10.win32_1.0.0.202111181127/tools/bin/../lib/gcc/arm-none-eabi/10.3.1/../../../../arm-none-eabi/lib/thumb/v7-m/nofp\libc_nano.a(lib_a-findfp.o)
                0x0000000008024778                __sf_fake_stderr
 .rodata.__sf_fake_stdin
                0x0000000008024798       0x20 d:/sustech/sophomore/esms/others/stm32cubeide_1.10.1/stm32cubeide/plugins/com.st.stm32cube.ide.mcu.externaltools.gnu-tools-for-stm32.10.3-2021.10.win32_1.0.0.202111181127/tools/bin/../lib/gcc/arm-none-eabi/10.3.1/../../../../arm-none-eabi/lib/thumb/v7-m/nofp\libc_nano.a(lib_a-findfp.o)
                0x0000000008024798                __sf_fake_stdin
 .rodata.__sf_fake_stdout
                0x00000000080247b8       0x20 d:/sustech/sophomore/esms/others/stm32cubeide_1.10.1/stm32cubeide/plugins/com.st.stm32cube.ide.mcu.externaltools.gnu-tools-for-stm32.10.3-2021.10.win32_1.0.0.202111181127/tools/bin/../lib/gcc/arm-none-eabi/10.3.1/../../../../arm-none-eabi/lib/thumb/v7-m/nofp\libc_nano.a(lib_a-findfp.o)
                0x00000000080247b8                __sf_fake_stdout
 .rodata._svfprintf_r.str1.1
                0x00000000080247d8       0x11 d:/sustech/sophomore/esms/others/stm32cubeide_1.10.1/stm32cubeide/plugins/com.st.stm32cube.ide.mcu.externaltools.gnu-tools-for-stm32.10.3-2021.10.win32_1.0.0.202111181127/tools/bin/../lib/gcc/arm-none-eabi/10.3.1/../../../../arm-none-eabi/lib/thumb/v7-m/nofp\libc_nano.a(lib_a-nano-svfprintf.o)
 .rodata._vfprintf_r.str1.1
                0x00000000080247e9       0x11 d:/sustech/sophomore/esms/others/stm32cubeide_1.10.1/stm32cubeide/plugins/com.st.stm32cube.ide.mcu.externaltools.gnu-tools-for-stm32.10.3-2021.10.win32_1.0.0.202111181127/tools/bin/../lib/gcc/arm-none-eabi/10.3.1/../../../../arm-none-eabi/lib/thumb/v7-m/nofp\libc_nano.a(lib_a-nano-vfprintf.o)
 .rodata._printf_i.str1.1
                0x00000000080247e9       0x22 d:/sustech/sophomore/esms/others/stm32cubeide_1.10.1/stm32cubeide/plugins/com.st.stm32cube.ide.mcu.externaltools.gnu-tools-for-stm32.10.3-2021.10.win32_1.0.0.202111181127/tools/bin/../lib/gcc/arm-none-eabi/10.3.1/../../../../arm-none-eabi/lib/thumb/v7-m/nofp\libc_nano.a(lib_a-nano-vfprintf_i.o)
                0x000000000802480c                . = ALIGN (0x4)
 *fill*         0x000000000802480b        0x1 

.rel.dyn        0x000000000802480c        0x0
 .rel.iplt      0x000000000802480c        0x0 d:/sustech/sophomore/esms/others/stm32cubeide_1.10.1/stm32cubeide/plugins/com.st.stm32cube.ide.mcu.externaltools.gnu-tools-for-stm32.10.3-2021.10.win32_1.0.0.202111181127/tools/bin/../lib/gcc/arm-none-eabi/10.3.1/thumb/v7-m/nofp/crtbegin.o

.ARM.extab      0x000000000802480c        0x0
                0x000000000802480c                . = ALIGN (0x4)
 *(.ARM.extab* .gnu.linkonce.armextab.*)
                0x000000000802480c                . = ALIGN (0x4)

.ARM            0x000000000802480c        0x0
                0x000000000802480c                . = ALIGN (0x4)
                0x000000000802480c                __exidx_start = .
 *(.ARM.exidx*)
                0x000000000802480c                __exidx_end = .
                0x000000000802480c                . = ALIGN (0x4)

.preinit_array  0x000000000802480c        0x0
                0x000000000802480c                . = ALIGN (0x4)
                0x000000000802480c                PROVIDE (__preinit_array_start = .)
 *(.preinit_array*)
                0x000000000802480c                PROVIDE (__preinit_array_end = .)
                0x000000000802480c                . = ALIGN (0x4)

.init_array     0x000000000802480c        0x4
                0x000000000802480c                . = ALIGN (0x4)
                0x000000000802480c                PROVIDE (__init_array_start = .)
 *(SORT_BY_NAME(.init_array.*))
 *(.init_array*)
 .init_array    0x000000000802480c        0x4 d:/sustech/sophomore/esms/others/stm32cubeide_1.10.1/stm32cubeide/plugins/com.st.stm32cube.ide.mcu.externaltools.gnu-tools-for-stm32.10.3-2021.10.win32_1.0.0.202111181127/tools/bin/../lib/gcc/arm-none-eabi/10.3.1/thumb/v7-m/nofp/crtbegin.o
                0x0000000008024810                PROVIDE (__init_array_end = .)
                0x0000000008024810                . = ALIGN (0x4)

.fini_array     0x0000000008024810        0x4