../Core/Src/main.c:61:6:send	16	static
../Core/Src/main.c:76:6:multiplayer_mode	344	static
../Core/Src/main.c:292:6:screen_print	16	static
../Core/Src/main.c:333:6:remote_tatakai	432	static
../Core/Src/main.c:812:5:main	16	static
../Core/Src/main.c:962:6:SystemClock_Config	72	static
../Core/Src/main.c:1002:13:MX_SPI1_Init	8	static
../Core/Src/main.c:1040:13:MX_TIM2_Init	32	static
../Core/Src/main.c:1085:13:MX_USART1_UART_Init	8	static
../Core/Src/main.c:1118:13:MX_GPIO_Init	16	static
../Core/Src/main.c:1135:6:Error_Handler	4	static,ignoring_inline_asm
